Component: ARM Compiler 5.06 update 1 (build 61) Tool: armlink [4d35a8]

==============================================================================

Section Cross References

    main.o(.text) refers to usart.o(.text) for USART2_Config
    main.o(.text) refers to sys.o(.text) for NVIC_Configuration
    main.o(.text) refers to delay.o(.text) for delay_init
    main.o(.text) refers to max30102.o(.text) for max30102_init
    main.o(.text) refers to oled.o(.text) for OLED_Init
    main.o(.text) refers to f2d.o(.text) for __aeabi_f2d
    main.o(.text) refers to printfa.o(i.__0sprintf) for __2sprintf
    main.o(.text) refers to atof.o(i.atof) for atof
    main.o(.text) refers to d2f.o(.text) for __aeabi_d2f
    main.o(.text) refers to fdiv.o(.text) for __aeabi_fdiv
    main.o(.text) refers to printfa.o(i.__0printf) for __2printf
    main.o(.text) refers to strstr.o(.text) for strstr
    main.o(.text) refers to memcpya.o(.text) for __aeabi_memcpy
    main.o(.text) refers to ffltui.o(.text) for __aeabi_ui2f
    main.o(.text) refers to fadd.o(.text) for __aeabi_fadd
    main.o(.text) refers to ffixui.o(.text) for __aeabi_f2uiz
    main.o(.text) refers to cfrcmple.o(.text) for __aeabi_cfrcmple
    main.o(.text) refers to cfcmple.o(.text) for __aeabi_cfcmple
    main.o(.text) refers to main.o(.data) for latitude
    main.o(.text) refers to usart.o(.bss) for Save_Data
    main.o(.text) refers to main.o(.bss) for BeforeProcessData
    system_stm32f10x.o(.text) refers to system_stm32f10x.o(.data) for SystemCoreClock
    oled.o(.text) refers to stm32f10x_gpio.o(.text) for GPIO_ResetBits
    oled.o(.text) refers to oled.o(.bss) for OLED_GRAM
    oled.o(.text) refers to oled.o(.constdata) for asc2_0806
    oled.o(.text) refers to stm32f10x_rcc.o(.text) for RCC_APB2PeriphClockCmd
    algorithm.o(.text) refers to algorithm.o(.bss) for an_x
    algorithm.o(.text) refers to algorithm.o(.constdata) for auw_hamm
    max30102.o(.text) refers to myiic.o(.text) for IIC_Start
    max30102.o(.text) refers to stm32f10x_rcc.o(.text) for RCC_APB2PeriphClockCmd
    max30102.o(.text) refers to stm32f10x_gpio.o(.text) for GPIO_Init
    max30102.o(.text) refers to algorithm.o(.text) for maxim_heart_rate_and_oxygen_saturation
    max30102.o(.text) refers to ffltui.o(.text) for __aeabi_ui2f
    max30102.o(.text) refers to fdiv.o(.text) for __aeabi_fdiv
    max30102.o(.text) refers to fmul.o(.text) for __aeabi_fmul
    max30102.o(.text) refers to ffixi.o(.text) for __aeabi_f2iz
    max30102.o(.text) refers to max30102.o(.data) for un_min
    max30102.o(.text) refers to max30102.o(.bss) for aun_red_buffer
    max30102.o(.text) refers to printfa.o(i.__0sprintf) for __2sprintf
    myiic.o(.text) refers to stm32f10x_rcc.o(.text) for RCC_APB2PeriphClockCmd
    myiic.o(.text) refers to stm32f10x_gpio.o(.text) for GPIO_Init
    myiic.o(.text) refers to delay.o(.text) for delay_us
    startup_stm32f10x_md.o(RESET) refers to startup_stm32f10x_md.o(STACK) for __initial_sp
    startup_stm32f10x_md.o(RESET) refers to startup_stm32f10x_md.o(.text) for Reset_Handler
    startup_stm32f10x_md.o(RESET) refers to stm32f10x_it.o(.text) for NMI_Handler
    startup_stm32f10x_md.o(RESET) refers to usart.o(.text) for USART1_IRQHandler
    startup_stm32f10x_md.o(.text) refers to system_stm32f10x.o(.text) for SystemInit
    startup_stm32f10x_md.o(.text) refers to entry.o(.ARM.Collect$$$$00000000) for __main
    stm32f10x_gpio.o(.text) refers to stm32f10x_rcc.o(.text) for RCC_APB2PeriphResetCmd
    stm32f10x_rcc.o(.text) refers to stm32f10x_rcc.o(.data) for APBAHBPrescTable
    stm32f10x_usart.o(.text) refers to stm32f10x_rcc.o(.text) for RCC_APB2PeriphResetCmd
    delay.o(.text) refers to misc.o(.text) for SysTick_CLKSourceConfig
    delay.o(.text) refers to system_stm32f10x.o(.data) for SystemCoreClock
    delay.o(.text) refers to delay.o(.data) for fac_us
    sys.o(.text) refers to misc.o(.text) for NVIC_PriorityGroupConfig
    usart.o(.text) refers to memseta.o(.text) for __aeabi_memclr
    usart.o(.text) refers to stm32f10x_rcc.o(.text) for RCC_APB2PeriphClockCmd
    usart.o(.text) refers to stm32f10x_gpio.o(.text) for GPIO_Init
    usart.o(.text) refers to misc.o(.text) for NVIC_Init
    usart.o(.text) refers to stm32f10x_usart.o(.text) for USART_Init
    usart.o(.text) refers to memcpya.o(.text) for __aeabi_memcpy
    usart.o(.text) refers to strstr.o(.text) for strstr
    usart.o(.text) refers to usart.o(.bss) for USART_RX_BUF
    usart.o(.text) refers to usart.o(.data) for point1
    atof.o(i.__softfp_atof) refers (Special) to iusefp.o(.text) for __I$use$fp
    atof.o(i.__softfp_atof) refers to errno.o(i.__read_errno) for __read_errno
    atof.o(i.__softfp_atof) refers to strtod.o(.text) for __strtod_int
    atof.o(i.__softfp_atof) refers to errno.o(i.__set_errno) for __set_errno
    atof.o(i.atof) refers (Special) to iusefp.o(.text) for __I$use$fp
    atof.o(i.atof) refers to errno.o(i.__read_errno) for __read_errno
[...]
    printfb.o(i.__0printf$bare) refers to printfb.o(i._printf_core) for _printf_core
    printfb.o(i.__0printf$bare) refers to usart.o(.text) for fputc
    printfb.o(i.__0printf$bare) refers to usart.o(.data) for __stdout
    printfb.o(i.__0snprintf$bare) refers to printfb.o(i._printf_core) for _printf_core
    printfb.o(i.__0snprintf$bare) refers to printfb.o(i._snputc) for _snputc
    printfb.o(i.__0sprintf$bare) refers to printfb.o(i._printf_core) for _printf_core
    printfb.o(i.__0sprintf$bare) refers to printfb.o(i._sputc) for _sputc
    printfb.o(i.__0vfprintf$bare) refers to printfb.o(i._printf_core) for _printf_core
    printfb.o(i.__0vfprintf$bare) refers to usart.o(.text) for fputc
    printfb.o(i.__0vprintf$bare) refers to printfb.o(i._printf_core) for _printf_core
    printfb.o(i.__0vprintf$bare) refers to usart.o(.text) for fputc
    printfb.o(i.__0vprintf$bare) refers to usart.o(.data) for __stdout
    printfb.o(i.__0vsnprintf$bare) refers to printfb.o(i._printf_core) for _printf_core
    printfb.o(i.__0vsnprintf$bare) refers to printfb.o(i._snputc) for _snputc
    printfb.o(i.__0vsprintf$bare) refers to printfb.o(i._printf_core) for _printf_core
    printfb.o(i.__0vsprintf$bare) refers to printfb.o(i._sputc) for _sputc
    printf0.o(i.__0fprintf$0) refers to printf0.o(i._printf_core) for _printf_core
    printf0.o(i.__0fprintf$0) refers to usart.o(.text) for fputc
    printf0.o(i.__0printf$0) refers to printf0.o(i._printf_core) for _printf_core
    printf0.o(i.__0printf$0) refers to usart.o(.text) for fputc
    printf0.o(i.__0printf$0) refers to usart.o(.data) for __stdout
    printf0.o(i.__0snprintf$0) refers to printf0.o(i._printf_core) for _printf_core
    printf0.o(i.__0snprintf$0) refers to printf0.o(i._snputc) for _snputc
    printf0.o(i.__0sprintf$0) refers to printf0.o(i._printf_core) for _printf_core
    printf0.o(i.__0sprintf$0) refers to printf0.o(i._sputc) for _sputc
    printf0.o(i.__0vfprintf$0) refers to printf0.o(i._printf_core) for _printf_core
    printf0.o(i.__0vfprintf$0) refers to usart.o(.text) for fputc
    printf0.o(i.__0vprintf$0) refers to printf0.o(i._printf_core) for _printf_core
    printf0.o(i.__0vprintf$0) refers to usart.o(.text) for fputc
    printf0.o(i.__0vprintf$0) refers to usart.o(.data) for __stdout
    printf0.o(i.__0vsnprintf$0) refers to printf0.o(i._printf_core) for _printf_core
    printf0.o(i.__0vsnprintf$0) refers to printf0.o(i._snputc) for _snputc
    printf0.o(i.__0vsprintf$0) refers to printf0.o(i._printf_core) for _printf_core
    printf0.o(i.__0vsprintf$0) refers to printf0.o(i._sputc) for _sputc
    printf1.o(i.__0fprintf$1) refers to printf1.o(i._printf_core) for _printf_core
    printf1.o(i.__0fprintf$1) refers to usart.o(.text) for fputc
    printf1.o(i.__0printf$1) refers to printf1.o(i._printf_core) for _printf_core
    printf1.o(i.__0printf$1) refers to usart.o(.text) for fputc
    printf1.o(i.__0printf$1) refers to usart.o(.data) for __stdout
    printf1.o(i.__0snprintf$1) refers to printf1.o(i._printf_core) for _printf_core
    printf1.o(i.__0snprintf$1) refers to printf1.o(i._snputc) for _snputc
    printf1.o(i.__0sprintf$1) refers to printf1.o(i._printf_core) for _printf_core
    printf1.o(i.__0sprintf$1) refers to printf1.o(i._sputc) for _sputc
    printf1.o(i.__0vfprintf$1) refers to printf1.o(i._printf_core) for _printf_core
    printf1.o(i.__0vfprintf$1) refers to usart.o(.text) for fputc
    printf1.o(i.__0vprintf$1) refers to printf1.o(i._printf_core) for _printf_core
    printf1.o(i.__0vprintf$1) refers to usart.o(.text) for fputc
    printf1.o(i.__0vprintf$1) refers to usart.o(.data) for __stdout
    printf1.o(i.__0vsnprintf$1) refers to printf1.o(i._printf_core) for _printf_core
    printf1.o(i.__0vsnprintf$1) refers to printf1.o(i._snputc) for _snputc
    printf1.o(i.__0vsprintf$1) refers to printf1.o(i._printf_core) for _printf_core
    printf1.o(i.__0vsprintf$1) refers to printf1.o(i._sputc) for _sputc
    printf1.o(i._printf_core) refers to uidiv.o(.text) for __aeabi_uidivmod
    printf2.o(i.__0fprintf$2) refers to printf2.o(i._printf_core) for _printf_core
    printf2.o(i.__0fprintf$2) refers to usart.o(.text) for fputc
    printf2.o(i.__0printf$2) refers to printf2.o(i._printf_core) for _printf_core
    printf2.o(i.__0printf$2) refers to usart.o(.text) for fputc
    printf2.o(i.__0printf$2) refers to usart.o(.data) for __stdout
    printf2.o(i.__0snprintf$2) refers to printf2.o(i._printf_core) for _printf_core
    printf2.o(i.__0snprintf$2) refers to printf2.o(i._snputc) for _snputc
    printf2.o(i.__0sprintf$2) refers to printf2.o(i._printf_core) for _printf_core
    printf2.o(i.__0sprintf$2) refers to printf2.o(i._sputc) for _sputc
    printf2.o(i.__0vfprintf$2) refers to printf2.o(i._printf_core) for _printf_core
    printf2.o(i.__0vfprintf$2) refers to usart.o(.text) for fputc
    printf2.o(i.__0vprintf$2) refers to printf2.o(i._printf_core) for _printf_core
    printf2.o(i.__0vprintf$2) refers to usart.o(.text) for fputc
    printf2.o(i.__0vprintf$2) refers to usart.o(.data) for __stdout
    printf2.o(i.__0vsnprintf$2) refers to printf2.o(i._printf_core) for _printf_core
    printf2.o(i.__0vsnprintf$2) refers to printf2.o(i._snputc) for _snputc
    printf2.o(i.__0vsprintf$2) refers to printf2.o(i._printf_core) for _printf_core
    printf2.o(i.__0vsprintf$2) refers to printf2.o(i._sputc) for _sputc
    printf3.o(i.__0fprintf$3) refers to printf3.o(i._printf_core) for _printf_core
    printf3.o(i.__0fprintf$3) refers to usart.o(.text) for fputc
    printf3.o(i.__0printf$3) refers to printf3.o(i._printf_core) for _printf_core
    printf3.o(i.__0printf$3) refers to usart.o(.text) for fputc
    printf3.o(i.__0printf$3) refers to usart.o(.data) for __stdout
    printf3.o(i.__0snprintf$3) refers to printf3.o(i._printf_core) for _printf_core
    printf3.o(i.__0snprintf$3) refers to printf3.o(i._snputc) for _snputc
    printf3.o(i.__0sprintf$3) refers to printf3.o(i._printf_core) for _printf_core
    printf3.o(i.__0sprintf$3) refers to printf3.o(i._sputc) for _sputc
    printf3.o(i.__0vfprintf$3) refers to printf3.o(i._printf_core) for _printf_core
    printf3.o(i.__0vfprintf$3) refers to usart.o(.text) for fputc
    printf3.o(i.__0vprintf$3) refers to printf3.o(i._printf_core) for _printf_core
    printf3.o(i.__0vprintf$3) refers to usart.o(.text) for fputc
    printf3.o(i.__0vprintf$3) refers to usart.o(.data) for __stdout
    printf3.o(i.__0vsnprintf$3) refers to printf3.o(i._printf_core) for _printf_core
    printf3.o(i.__0vsnprintf$3) refers to printf3.o(i._snputc) for _snputc
    printf3.o(i.__0vsprintf$3) refers to printf3.o(i._printf_core) for _printf_core
    printf3.o(i.__0vsprintf$3) refers to printf3.o(i._sputc) for _sputc
    printf3.o(i._printf_core) refers to uidiv.o(.text) for __aeabi_uidivmod
    printf4.o(i.__0fprintf$4) refers to printf4.o(i._printf_core) for _printf_core
    printf4.o(i.__0fprintf$4) refers to usart.o(.text) for fputc
    printf4.o(i.__0printf$4) refers to printf4.o(i._printf_core) for _printf_core
    printf4.o(i.__0printf$4) refers to usart.o(.text) for fputc
    printf4.o(i.__0printf$4) refers to usart.o(.data) for __stdout
    printf4.o(i.__0snprintf$4) refers to printf4.o(i._printf_core) for _printf_core
    printf4.o(i.__0snprintf$4) refers to printf4.o(i._snputc) for _snputc
    printf4.o(i.__0sprintf$4) refers to printf4.o(i._printf_core) for _printf_core
    printf4.o(i.__0sprintf$4) refers to printf4.o(i._sputc) for _sputc
    printf4.o(i.__0vfprintf$4) refers to printf4.o(i._printf_core) for _printf_core
    printf4.o(i.__0vfprintf$4) refers to usart.o(.text) for fputc
    printf4.o(i.__0vprintf$4) refers to printf4.o(i._printf_core) for _printf_core
    printf4.o(i.__0vprintf$4) refers to usart.o(.text) for fputc
    printf4.o(i.__0vprintf$4) refers to usart.o(.data) for __stdout
    printf4.o(i.__0vsnprintf$4) refers to printf4.o(i._printf_core) for _printf_core
    printf4.o(i.__0vsnprintf$4) refers to printf4.o(i._snputc) for _snputc
    printf4.o(i.__0vsprintf$4) refers to printf4.o(i._printf_core) for _printf_core
    printf4.o(i.__0vsprintf$4) refers to printf4.o(i._sputc) for _sputc
    printf4.o(i._printf_core) refers to uldiv.o(.text) for __aeabi_uldivmod
    printf5.o(i.__0fprintf$5) refers to printf5.o(i._printf_core) for _printf_core
    printf5.o(i.__0fprintf$5) refers to usart.o(.text) for fputc
    printf5.o(i.__0printf$5) refers to printf5.o(i._printf_core) for _printf_core
    printf5.o(i.__0printf$5) refers to usart.o(.text) for fputc
    printf5.o(i.__0printf$5) refers to usart.o(.data) for __stdout
    printf5.o(i.__0snprintf$5) refers to printf5.o(i._printf_core) for _printf_core
    printf5.o(i.__0snprintf$5) refers to printf5.o(i._snputc) for _snputc
    printf5.o(i.__0sprintf$5) refers to printf5.o(i._printf_core) for _printf_core
    printf5.o(i.__0sprintf$5) refers to printf5.o(i._sputc) for _sputc
    printf5.o(i.__0vfprintf$5) refers to printf5.o(i._printf_core) for _printf_core
    printf5.o(i.__0vfprintf$5) refers to usart.o(.text) for fputc
    printf5.o(i.__0vprintf$5) refers to printf5.o(i._printf_core) for _printf_core
    printf5.o(i.__0vprintf$5) refers to usart.o(.text) for fputc
    printf5.o(i.__0vprintf$5) refers to usart.o(.data) for __stdout
    printf5.o(i.__0vsnprintf$5) refers to printf5.o(i._printf_core) for _printf_core
    printf5.o(i.__0vsnprintf$5) refers to printf5.o(i._snputc) for _snputc
    printf5.o(i.__0vsprintf$5) refers to printf5.o(i._printf_core) for _printf_core
    printf5.o(i.__0vsprintf$5) refers to printf5.o(i._sputc) for _sputc
    printf5.o(i._printf_core) refers to uldiv.o(.text) for __aeabi_uldivmod
    printf6.o(i.__0fprintf$6) refers to printf6.o(i._printf_core) for _printf_core
    printf6.o(i.__0fprintf$6) refers to usart.o(.text) for fputc
    printf6.o(i.__0printf$6) refers to printf6.o(i._printf_core) for _printf_core
    printf6.o(i.__0printf$6) refers to usart.o(.text) for fputc
    printf6.o(i.__0printf$6) refers to usart.o(.data) for __stdout
    printf6.o(i.__0snprintf$6) refers to printf6.o(i._printf_core) for _printf_core
    printf6.o(i.__0snprintf$6) refers to printf6.o(i._snputc) for _snputc
    printf6.o(i.__0sprintf$6) refers to printf6.o(i._printf_core) for _printf_core
    printf6.o(i.__0sprintf$6) refers to printf6.o(i._sputc) for _sputc
    printf6.o(i.__0vfprintf$6) refers to printf6.o(i._printf_core) for _printf_core
    printf6.o(i.__0vfprintf$6) refers to usart.o(.text) for fputc
    printf6.o(i.__0vprintf$6) refers to printf6.o(i._printf_core) for _printf_core
    printf6.o(i.__0vprintf$6) refers to usart.o(.text) for fputc
    printf6.o(i.__0vprintf$6) refers to usart.o(.data) for __stdout
    printf6.o(i.__0vsnprintf$6) refers to printf6.o(i._printf_core) for _printf_core
    printf6.o(i.__0vsnprintf$6) refers to printf6.o(i._snputc) for _snputc
    printf6.o(i.__0vsprintf$6) refers to printf6.o(i._printf_core) for _printf_core
    printf6.o(i.__0vsprintf$6) refers to printf6.o(i._sputc) for _sputc
    printf6.o(i._printf_core) refers to printf6.o(i._printf_pre_padding) for _printf_pre_padding
    printf6.o(i._printf_core) refers to uidiv.o(.text) for __aeabi_uidivmod
    printf6.o(i._printf_core) refers to printf6.o(i._printf_post_padding) for _printf_post_padding
    printf7.o(i.__0fprintf$7) refers to printf7.o(i._printf_core) for _printf_core
    printf7.o(i.__0fprintf$7) refers to usart.o(.text) for fputc
    printf7.o(i.__0printf$7) refers to printf7.o(i._printf_core) for _printf_core
    printf7.o(i.__0printf$7) refers to usart.o(.text) for fputc
    printf7.o(i.__0printf$7) refers to usart.o(.data) for __stdout
    printf7.o(i.__0snprintf$7) refers to printf7.o(i._printf_core) for _printf_core
    printf7.o(i.__0snprintf$7) refers to printf7.o(i._snputc) for _snputc
    printf7.o(i.__0sprintf$7) refers to printf7.o(i._printf_core) for _printf_core
    printf7.o(i.__0sprintf$7) refers to printf7.o(i._sputc) for _sputc
    printf7.o(i.__0vfprintf$7) refers to printf7.o(i._printf_core) for _printf_core
    printf7.o(i.__0vfprintf$7) refers to usart.o(.text) for fputc
    printf7.o(i.__0vprintf$7) refers to printf7.o(i._printf_core) for _printf_core
    printf7.o(i.__0vprintf$7) refers to usart.o(.text) for fputc
    printf7.o(i.__0vprintf$7) refers to usart.o(.data) for __stdout
    printf7.o(i.__0vsnprintf$7) refers to printf7.o(i._printf_core) for _printf_core
    printf7.o(i.__0vsnprintf$7) refers to printf7.o(i._snputc) for _snputc
    printf7.o(i.__0vsprintf$7) refers to printf7.o(i._printf_core) for _printf_core
    printf7.o(i.__0vsprintf$7) refers to printf7.o(i._sputc) for _sputc
    printf7.o(i._printf_core) refers to printf7.o(i._printf_pre_padding) for _printf_pre_padding
    printf7.o(i._printf_core) refers to uldiv.o(.text) for __aeabi_uldivmod
    printf7.o(i._printf_core) refers to printf7.o(i._printf_post_padding) for _printf_post_padding
    printf8.o(i.__0fprintf$8) refers to printf8.o(i._printf_core) for _printf_core
    printf8.o(i.__0fprintf$8) refers to usart.o(.text) for fputc
    printf8.o(i.__0printf$8) refers to printf8.o(i._printf_core) for _printf_core
    printf8.o(i.__0printf$8) refers to usart.o(.text) for fputc
    printf8.o(i.__0printf$8) refers to usart.o(.data) for __stdout
    printf8.o(i.__0snprintf$8) refers to printf8.o(i._printf_core) for _printf_core
    printf8.o(i.__0snprintf$8) refers to printf8.o(i._snputc) for _snputc
    printf8.o(i.__0sprintf$8) refers to printf8.o(i._printf_core) for _printf_core
    printf8.o(i.__0sprintf$8) refers to printf8.o(i._sputc) for _sputc
    printf8.o(i.__0vfprintf$8) refers to printf8.o(i._printf_core) for _printf_core
    printf8.o(i.__0vfprintf$8) refers to usart.o(.text) for fputc
    printf8.o(i.__0vprintf$8) refers to printf8.o(i._printf_core) for _printf_core
    printf8.o(i.__0vprintf$8) refers to usart.o(.text) for fputc
    printf8.o(i.__0vprintf$8) refers to usart.o(.data) for __stdout
    printf8.o(i.__0vsnprintf$8) refers to printf8.o(i._printf_core) for _printf_core
    printf8.o(i.__0vsnprintf$8) refers to printf8.o(i._snputc) for _snputc
    printf8.o(i.__0vsprintf$8) refers to printf8.o(i._printf_core) for _printf_core
    printf8.o(i.__0vsprintf$8) refers to printf8.o(i._sputc) for _sputc
    printf8.o(i._printf_core) refers to printf8.o(i._printf_pre_padding) for _printf_pre_padding
    printf8.o(i._printf_core) refers to uldiv.o(.text) for __aeabi_uldivmod
    printf8.o(i._printf_core) refers to printf8.o(i._printf_post_padding) for _printf_post_padding
    printfa.o(i.__0fprintf) refers (Special) to iusefp.o(.text) for __I$use$fp
    printfa.o(i.__0fprintf) refers to printfa.o(i._printf_core) for _printf_core
    printfa.o(i.__0fprintf) refers to usart.o(.text) for fputc
    printfa.o(i.__0printf) refers (Special) to iusefp.o(.text) for __I$use$fp
    printfa.o(i.__0printf) refers to printfa.o(i._printf_core) for _printf_core
    printfa.o(i.__0printf) refers to usart.o(.text) for fputc
    printfa.o(i.__0printf) refers to usart.o(.data) for __stdout
    printfa.o(i.__0snprintf) refers (Special) to iusefp.o(.text) for __I$use$fp
    printfa.o(i.__0snprintf) refers to printfa.o(i._printf_core) for _printf_core
    printfa.o(i.__0snprintf) refers to printfa.o(i._snputc) for _snputc
    printfa.o(i.__0sprintf) refers (Special) to iusefp.o(.text) for __I$use$fp
    printfa.o(i.__0sprintf) refers to printfa.o(i._printf_core) for _printf_core
    printfa.o(i.__0sprintf) refers to printfa.o(i._sputc) for _sputc
    printfa.o(i.__0vfprintf) refers (Special) to iusefp.o(.text) for __I$use$fp
    printfa.o(i.__0vfprintf) refers to printfa.o(i._printf_core) for _printf_core
    printfa.o(i.__0vfprintf) refers to usart.o(.text) for fputc
    printfa.o(i.__0vprintf) refers (Special) to iusefp.o(.text) for __I$use$fp
    printfa.o(i.__0vprintf) refers to printfa.o(i._printf_core) for _printf_core
    printfa.o(i.__0vprintf) refers to usart.o(.text) for fputc
    printfa.o(i.__0vprintf) refers to usart.o(.data) for __stdout
    printfa.o(i.__0vsnprintf) refers (Special) to iusefp.o(.text) for __I$use$fp
    printfa.o(i.__0vsnprintf) refers to printfa.o(i._printf_core) for _printf_core
    printfa.o(i.__0vsnprintf) refers to printfa.o(i._snputc) for _snputc
    printfa.o(i.__0vsprintf) refers (Special) to iusefp.o(.text) for __I$use$fp
    printfa.o(i.__0vsprintf) refers to printfa.o(i._printf_core) for _printf_core
    printfa.o(i.__0vsprintf) refers to printfa.o(i._sputc) for _sputc
    printfa.o(i._fp_digits) refers (Special) to iusefp.o(.text) for __I$use$fp
    printfa.o(i._fp_digits) refers to dmul.o(.text) for __aeabi_dmul
    printfa.o(i._fp_digits) refers to ddiv.o(.text) for __aeabi_ddiv
    printfa.o(i._fp_digits) refers to cdrcmple.o(.text) for __aeabi_cdrcmple
    printfa.o(i._fp_digits) refers to dadd.o(.text) for __aeabi_dadd
    printfa.o(i._fp_digits) refers to dfixul.o(.text) for __aeabi_d2ulz
    printfa.o(i._fp_digits) refers to uldiv.o(.text) for __aeabi_uldivmod
    printfa.o(i._printf_core) refers (Special) to iusefp.o(.text) for __I$use$fp
    printfa.o(i._printf_core) refers to printfa.o(i._printf_pre_padding) for _printf_pre_padding
    printfa.o(i._printf_core) refers to uldiv.o(.text) for __aeabi_uldivmod
    printfa.o(i._printf_core) refers to printfa.o(i._printf_post_padding) for _printf_post_padding
    printfa.o(i._printf_core) refers to printfa.o(i._fp_digits) for _fp_digits
    printfa.o(i._printf_core) refers to uidiv.o(.text) for __aeabi_uidivmod
    printfa.o(i._printf_post_padding) refers (Special) to iusefp.o(.text) for __I$use$fp
    printfa.o(i._printf_pre_padding) refers (Special) to iusefp.o(.text) for __I$use$fp
    printfa.o(i._snputc) refers (Special) to iusefp.o(.text) for __I$use$fp
    printfa.o(i._sputc) refers (Special) to iusefp.o(.text) for __I$use$fp
    fadd.o(.text) refers (Special) to iusefp.o(.text) for __I$use$fp
    fadd.o(.text) refers to fepilogue.o(.text) for _float_epilogue
    fmul.o(.text) refers (Special) to iusefp.o(.text) for __I$use$fp
    fdiv.o(.text) refers (Special) to iusefp.o(.text) for __I$use$fp
    fdiv.o(.text) refers to fepilogue.o(.text) for _float_round
    ffltui.o(.text) refers (Special) to iusefp.o(.text) for __I$use$fp
    ffltui.o(.text) refers to fepilogue.o(.text) for _float_epilogue
    ffixi.o(.text) refers (Special) to iusefp.o(.text) for __I$use$fp
    ffixui.o(.text) refers (Special) to iusefp.o(.text) for __I$use$fp
    f2d.o(.text) refers (Special) to iusefp.o(.text) for __I$use$fp
    d2f.o(.text) refers (Special) to iusefp.o(.text) for __I$use$fp
    d2f.o(.text) refers to fepilogue.o(.text) for _float_round
    cfcmple.o(.text) refers (Special) to iusefp.o(.text) for __I$use$fp
    cfrcmple.o(.text) refers (Special) to iusefp.o(.text) for __I$use$fp
    entry2.o(.ARM.Collect$$$$00000001) refers to entry2.o(.ARM.Collect$$$$00002712) for __lit__00000000
    entry2.o(.ARM.Collect$$$$00002712) refers to startup_stm32f10x_md.o(STACK) for __initial_sp
    entry2.o(__vectab_stack_and_reset_area) refers to startup_stm32f10x_md.o(STACK) for __initial_sp
    entry2.o(__vectab_stack_and_reset_area) refers to entry.o(.ARM.Collect$$$$00000000) for __main
    entry5.o(.ARM.Collect$$$$00000004) refers to init.o(.text) for __scatterload
    entry9a.o(.ARM.Collect$$$$0000000B) refers to main.o(.text) for main
    entry9b.o(.ARM.Collect$$$$0000000C) refers to main.o(.text) for main
    uldiv.o(.text) refers to llushr.o(.text) for __aeabi_llsr
    uldiv.o(.text) refers to llshl.o(.text) for __aeabi_llsl
    errno.o(i.__aeabi_errno_addr) refers to errno.o(.data) for .data
    errno.o(i.__read_errno) refers to errno.o(.data) for .data
    errno.o(i.__set_errno) refers to errno.o(.data) for .data
    strtod.o(.text) refers to scanf_fp.o(.text) for _scanf_real
    strtod.o(.text) refers to _sgetc.o(.text) for _sgetc
    strtod.o(.text) refers to isspace_c.o(.text) for isspace
    dadd.o(.text) refers to llshl.o(.text) for __aeabi_llsl
    dadd.o(.text) refers to llsshr.o(.text) for __aeabi_lasr
    dadd.o(.text) refers to depilogue.o(.text) for _double_epilogue
    dmul.o(.text) refers to depilogue.o(.text) for _double_epilogue
    ddiv.o(.text) refers to depilogue.o(.text) for _double_round
    dfixul.o(.text) refers to llushr.o(.text) for __aeabi_llsr
    dfixul.o(.text) refers to llshl.o(.text) for __aeabi_llsl
    init.o(.text) refers to entry5.o(.ARM.Collect$$$$00000004) for __main_after_scatterload
    isspace_c.o(.text) refers to ctype_c.o(.text) for __ctype_lookup
    scanf_fp.o(.text) refers (Special) to iusefp.o(.text) for __I$use$fp
    scanf_fp.o(.text) refers to dfltul.o(.text) for __aeabi_ul2d
    scanf_fp.o(.text) refers to dmul.o(.text) for __aeabi_dmul
    scanf_fp.o(.text) refers to ddiv.o(.text) for __aeabi_ddiv
    scanf_fp.o(.text) refers to scanf_fp.o(i._is_digit) for _is_digit
    scanf_fp.o(.text) refers to d2f.o(.text) for __aeabi_d2f
    depilogue.o(.text) refers to llshl.o(.text) for __aeabi_llsl
    depilogue.o(.text) refers to llushr.o(.text) for __aeabi_llsr
    ctype_c.o(.text) refers to ctype_c.o(.constdata) for .constdata
    dfltul.o(.text) refers to depilogue.o(.text) for _double_epilogue
    scanf_fp.o(i._is_digit) refers (Special) to iusefp.o(.text) for __I$use$fp


==============================================================================

Removing Unused input sections from the image.

    Removing core_cm3.o(.emb_text), (32 bytes).
    Removing startup_stm32f10x_md.o(HEAP), (512 bytes).

2 unused section(s) (total 544 bytes) removed from the image.

==============================================================================

Image Symbol Table

    Local Symbols

    Symbol Name                              Value     Ov Type        Size  Object(Section)

    ../clib/microlib/ctype/ctype.c           0x00000000   Number         0  isspace_c.o ABSOLUTE
    ../clib/microlib/ctype/ctype.c           0x00000000   Number         0  ctype_c.o ABSOLUTE
    ../clib/microlib/division.c              0x00000000   Number         0  uidiv.o ABSOLUTE
    ../clib/microlib/division.c              0x00000000   Number         0  uldiv.o ABSOLUTE
    ../clib/microlib/errno.c                 0x00000000   Number         0  errno.o ABSOLUTE
    ../clib/microlib/init/entry.s            0x00000000   Number         0  entry7b.o ABSOLUTE
    ../clib/microlib/init/entry.s            0x00000000   Number         0  entry.o ABSOLUTE
    ../clib/microlib/init/entry.s            0x00000000   Number         0  entry5.o ABSOLUTE
    ../clib/microlib/init/entry.s            0x00000000   Number         0  entry11b.o ABSOLUTE
    ../clib/microlib/init/entry.s            0x00000000   Number         0  entry2.o ABSOLUTE
    ../clib/microlib/init/entry.s            0x00000000   Number         0  entry9a.o ABSOLUTE
    ../clib/microlib/init/entry.s            0x00000000   Number         0  entry11a.o ABSOLUTE
    ../clib/microlib/init/entry.s            0x00000000   Number         0  entry10b.o ABSOLUTE
    ../clib/microlib/init/entry.s            0x00000000   Number         0  entry7a.o ABSOLUTE
    ../clib/microlib/init/entry.s            0x00000000   Number         0  entry10a.o ABSOLUTE
    ../clib/microlib/init/entry.s            0x00000000   Number         0  entry8a.o ABSOLUTE
    ../clib/microlib/init/entry.s            0x00000000   Number         0  entry9b.o ABSOLUTE
    ../clib/microlib/init/entry.s            0x00000000   Number         0  entry8b.o ABSOLUTE
    ../clib/microlib/longlong.c              0x00000000   Number         0  llsshr.o ABSOLUTE
    ../clib/microlib/longlong.c              0x00000000   Number         0  llshl.o ABSOLUTE
    ../clib/microlib/longlong.c              0x00000000   Number         0  llushr.o ABSOLUTE
    ../clib/microlib/printf/printf.c         0x00000000   Number         0  printf1.o ABSOLUTE
    ../clib/microlib/printf/printf.c         0x00000000   Number         0  printf4.o ABSOLUTE
    ../clib/microlib/printf/printf.c         0x00000000   Number         0  printf2.o ABSOLUTE
    ../clib/microlib/printf/printf.c         0x00000000   Number         0  printf3.o ABSOLUTE
    ../clib/microlib/printf/printf.c         0x00000000   Number         0  printfa.o ABSOLUTE
    ../clib/microlib/printf/printf.c         0x00000000   Number         0  printf8.o ABSOLUTE
    ../clib/microlib/printf/printf.c         0x00000000   Number         0  printf7.o ABSOLUTE
    ../clib/microlib/printf/printf.c         0x00000000   Number         0  printf6.o ABSOLUTE
    ../clib/microlib/printf/printf.c         0x00000000   Number         0  printfb.o ABSOLUTE
    ../clib/microlib/printf/printf.c         0x00000000   Number         0  printf0.o ABSOLUTE
    ../clib/microlib/printf/printf.c         0x00000000   Number         0  printf5.o ABSOLUTE
    ../clib/microlib/printf/stubs.s          0x00000000   Number         0  stubs.o ABSOLUTE
    ../clib/microlib/string/memcpy.c         0x00000000   Number         0  memcpya.o ABSOLUTE
    ../clib/microlib/string/memcpy.c         0x00000000   Number         0  memcpyb.o ABSOLUTE
    ../clib/microlib/string/memset.c         0x00000000   Number         0  memseta.o ABSOLUTE
    ../clib/microlib/string/strstr.c         0x00000000   Number         0  strstr.o ABSOLUTE
    ../clib/microlib/stubs.s                 0x00000000   Number         0  useno.o ABSOLUTE
    ../clib/microlib/stubs.s                 0x00000000   Number         0  iusefp.o ABSOLUTE
    ../clib/scanf.c                          0x00000000   Number         0  scanf_fp.o ABSOLUTE
    ../clib/scanf.c                          0x00000000   Number         0  _sgetc.o ABSOLUTE
    ../clib/scanf.c                          0x00000000   Number         0  strtod.o ABSOLUTE
    ../fplib/microlib/d2f.c                  0x00000000   Number         0  d2f.o ABSOLUTE
    ../fplib/microlib/f2d.c                  0x00000000   Number         0  f2d.o ABSOLUTE
    ../fplib/microlib/fpadd.c                0x00000000   Number         0  dadd.o ABSOLUTE
    ../fplib/microlib/fpadd.c                0x00000000   Number         0  fadd.o ABSOLUTE
    ../fplib/microlib/fpdiv.c                0x00000000   Number         0  fdiv.o ABSOLUTE
    ../fplib/microlib/fpdiv.c                0x00000000   Number         0  ddiv.o ABSOLUTE
    ../fplib/microlib/fpepilogue.c           0x00000000   Number         0  fepilogue.o ABSOLUTE
    ../fplib/microlib/fpepilogue.c           0x00000000   Number         0  depilogue.o ABSOLUTE
    ../fplib/microlib/fpfix.c                0x00000000   Number         0  ffixi.o ABSOLUTE
    ../fplib/microlib/fpfix.c                0x00000000   Number         0  dfixul.o ABSOLUTE
    ../fplib/microlib/fpfix.c                0x00000000   Number         0  ffixui.o ABSOLUTE
    ../fplib/microlib/fpflt.c                0x00000000   Number         0  ffltui.o ABSOLUTE
    ../fplib/microlib/fpflt.c                0x00000000   Number         0  dfltul.o ABSOLUTE
    ../fplib/microlib/fpmul.c                0x00000000   Number         0  fmul.o ABSOLUTE
    ../fplib/microlib/fpmul.c                0x00000000   Number         0  dmul.o ABSOLUTE
    ../mathlib/atof.c                        0x00000000   Number         0  atof.o ABSOLUTE
    ..\CORE\core_cm3.c                       0x00000000   Number         0  core_cm3.o ABSOLUTE
    ..\CORE\startup_stm32f10x_md.s           0x00000000   Number         0  startup_stm32f10x_md.o ABSOLUTE
    ..\MyCode\MAX30102\algorithm.c           0x00000000   Number         0  algorithm.o ABSOLUTE
    ..\MyCode\MAX30102\max30102.c            0x00000000   Number         0  max30102.o ABSOLUTE
    ..\MyCode\MAX30102\myiic.c               0x00000000   Number         0  myiic.o ABSOLUTE
    ..\MyCode\OLED\oled.c                    0x00000000   Number         0  oled.o ABSOLUTE
    ..\STM32_FWLIB\src\misc.c                0x00000000   Number         0  misc.o ABSOLUTE
    ..\STM32_FWLIB\src\stm32f10x_gpio.c      0x00000000   Number         0  stm32f10x_gpio.o ABSOLUTE
    ..\STM32_FWLIB\src\stm32f10x_rcc.c       0x00000000   Number         0  stm32f10x_rcc.o ABSOLUTE
    ..\STM32_FWLIB\src\stm32f10x_usart.c     0x00000000   Number         0  stm32f10x_usart.o ABSOLUTE
    ..\SYSTEM\delay\delay.c                  0x00000000   Number         0  delay.o ABSOLUTE
    ..\SYSTEM\sys\sys.c                      0x00000000   Number         0  sys.o ABSOLUTE
    ..\SYSTEM\usart\usart.c                  0x00000000   Number         0  usart.o ABSOLUTE
    ..\\CORE\\core_cm3.c                     0x00000000   Number         0  core_cm3.o ABSOLUTE
    cdrcmple.s                               0x00000000   Number         0  cdrcmple.o ABSOLUTE
    cfcmple.s                                0x00000000   Number         0  cfcmple.o ABSOLUTE
    cfrcmple.s                               0x00000000   Number         0  cfrcmple.o ABSOLUTE
    dc.s                                     0x00000000   Number         0  dc.o ABSOLUTE
    handlers.s                               0x00000000   Number         0  handlers.o ABSOLUTE
    init.s                                   0x00000000   Number         0  init.o ABSOLUTE
    main.c                                   0x00000000   Number         0  main.o ABSOLUTE
    stm32f10x_it.c                           0x00000000   Number         0  stm32f10x_it.o ABSOLUTE
    system_stm32f10x.c                       0x00000000   Number         0  system_stm32f10x.o ABSOLUTE
    RESET                                    0x08000000   Section      236  startup_stm32f10x_md.o(RESET)
    .ARM.Collect$$$$00000000                 0x080000ec   Section        0  entry.o(.ARM.Collect$$$$00000000)
    .ARM.Collect$$$$00000001                 0x080000ec   Section        4  entry2.o(.ARM.Collect$$$$00000001)
    .ARM.Collect$$$$00000004                 0x080000f0   Section        4  entry5.o(.ARM.Collect$$$$00000004)
    .ARM.Collect$$$$00000008                 0x080000f4   Section        0  entry7b.o(.ARM.Collect$$$$00000008)
    .ARM.Collect$$$$0000000A                 0x080000f4   Section        0  entry8b.o(.ARM.Collect$$$$0000000A)
    .ARM.Collect$$$$0000000B                 0x080000f4   Section        8  entry9a.o(.ARM.Collect$$$$0000000B)
    .ARM.Collect$$$$0000000D                 0x080000fc   Section        0  entry10a.o(.ARM.Collect$$$$0000000D)
    .ARM.Collect$$$$0000000F                 0x080000fc   Section        0  entry11a.o(.ARM.Collect$$$$0000000F)
    .ARM.Collect$$$$00002712                 0x080000fc   Section        4  entry2.o(.ARM.Collect$$$$00002712)
    __lit__00000000                          0x080000fc   Data           4  entry2.o(.ARM.Collect$$$$00002712)
    .text                                    0x08000100   Section        0  main.o(.text)
    .text                                    0x080004d8   Section        0  stm32f10x_it.o(.text)
    .text                                    0x080004f0   Section        0  system_stm32f10x.o(.text)
    SetSysClockTo72                          0x080004f1   Thumb Code   214  system_stm32f10x.o(.text)
    SetSysClock                              0x080005c7   Thumb Code     8  system_stm32f10x.o(.text)
    .text                                    0x080006d0   Section        0  oled.o(.text)
    .text                                    0x0800108c   Section        0  algorithm.o(.text)
    .text                                    0x08001730   Section        0  max30102.o(.text)
    .text                                    0x08001ea8   Section        0  myiic.o(.text)
    .text                                    0x0800222c   Section       36  startup_stm32f10x_md.o(.text)
    .text                                    0x08002250   Section        0  misc.o(.text)
    .text                                    0x0800232c   Section        0  stm32f10x_gpio.o(.text)
    .text                                    0x08002688   Section        0  stm32f10x_rcc.o(.text)
    .text                                    0x08002a2c   Section        0  stm32f10x_usart.o(.text)
    .text                                    0x08002e34   Section        0  delay.o(.text)
    .text                                    0x08002f08   Section        0  sys.o(.text)
    .text                                    0x08002f14   Section        0  usart.o(.text)
    .text                                    0x080031dc   Section        0  memcpya.o(.text)
    .text                                    0x08003200   Section        0  memseta.o(.text)
    .text                                    0x08003224   Section        0  strstr.o(.text)
    .text                                    0x08003248   Section        0  fadd.o(.text)
    .text                                    0x080032f8   Section        0  fmul.o(.text)
    .text                                    0x0800335c   Section        0  fdiv.o(.text)
    .text                                    0x080033d8   Section        0  ffltui.o(.text)
    .text                                    0x080033e2   Section        0  ffixi.o(.text)
    .text                                    0x08003414   Section        0  ffixui.o(.text)
    .text                                    0x0800343c   Section        0  f2d.o(.text)
    .text                                    0x08003462   Section        0  d2f.o(.text)
    .text                                    0x0800349c   Section       20  cfcmple.o(.text)
    .text                                    0x080034b0   Section       20  cfrcmple.o(.text)
    .text                                    0x080034c4   Section        0  uidiv.o(.text)
    .text                                    0x080034f0   Section        0  uldiv.o(.text)
    .text                                    0x08003554   Section        0  strtod.o(.text)
    _local_sscanf                            0x08003555   Thumb Code    54  strtod.o(.text)
    .text                                    0x080035f0   Section        0  fepilogue.o(.text)
    .text                                    0x080035f0   Section        0  iusefp.o(.text)
    .text                                    0x0800365e   Section        0  dadd.o(.text)
    .text                                    0x080037ac   Section        0  dmul.o(.text)
    .text                                    0x08003890   Section        0  ddiv.o(.text)
    .text                                    0x0800396e   Section        0  dfixul.o(.text)
    .text                                    0x080039a0   Section       48  cdrcmple.o(.text)
    .text                                    0x080039d0   Section       36  init.o(.text)
    .text                                    0x080039f4   Section        0  llshl.o(.text)
    .text                                    0x08003a12   Section        0  llushr.o(.text)
    .text                                    0x08003a32   Section        0  llsshr.o(.text)
    .text                                    0x08003a56   Section        0  isspace_c.o(.text)
    .text                                    0x08003a60   Section        0  scanf_fp.o(.text)
    _fp_value                                0x08003a61   Thumb Code   256  scanf_fp.o(.text)
    .text                                    0x08003d98   Section        0  _sgetc.o(.text)
    .text                                    0x08003dd8   Section        0  depilogue.o(.text)
    .text                                    0x08003e94   Section        0  ctype_c.o(.text)
    .text                                    0x08003ebc   Section        0  dfltul.o(.text)
    i.__0printf                              0x08003ed4   Section        0  printfa.o(i.__0printf)
    i.__0sprintf                             0x08003ef4   Section        0  printfa.o(i.__0sprintf)
    i.__read_errno                           0x08003f1c   Section        0  errno.o(i.__read_errno)
    i.__scatterload_copy                     0x08003f28   Section       14  handlers.o(i.__scatterload_copy)
    i.__scatterload_null                     0x08003f36   Section        2  handlers.o(i.__scatterload_null)
    i.__scatterload_zeroinit                 0x08003f38   Section       14  handlers.o(i.__scatterload_zeroinit)
    i.__set_errno                            0x08003f48   Section        0  errno.o(i.__set_errno)
    i._fp_digits                             0x08003f54   Section        0  printfa.o(i._fp_digits)
    _fp_digits                               0x08003f55   Thumb Code   334  printfa.o(i._fp_digits)
    i._is_digit                              0x080040b8   Section        0  scanf_fp.o(i._is_digit)
    i._printf_core                           0x080040c8   Section        0  printfa.o(i._printf_core)
    _printf_core                             0x080040c9   Thumb Code  1744  printfa.o(i._printf_core)
    i._printf_post_padding                   0x080047a4   Section        0  printfa.o(i._printf_post_padding)
    _printf_post_padding                     0x080047a5   Thumb Code    36  printfa.o(i._printf_post_padding)
    i._printf_pre_padding                    0x080047c8   Section        0  printfa.o(i._printf_pre_padding)
    _printf_pre_padding                      0x080047c9   Thumb Code    46  printfa.o(i._printf_pre_padding)
    i._sputc                                 0x080047f6   Section        0  printfa.o(i._sputc)
    _sputc                                   0x080047f7   Thumb Code    10  printfa.o(i._sputc)
    i.atof                                   0x08004800   Section        0  atof.o(i.atof)
    .constdata                               0x0800482a   Section     7696  oled.o(.constdata)
    .constdata                               0x0800663a   Section      246  algorithm.o(.constdata)
    .constdata                               0x08006730   Section       64  ctype_c.o(.constdata)
    .data                                    0x20000000   Section       20  main.o(.data)
    .data                                    0x20000014   Section       20  system_stm32f10x.o(.data)
    .data                                    0x20000028   Section       53  max30102.o(.data)
    .data                                    0x2000005d   Section       20  stm32f10x_rcc.o(.data)
    APBAHBPrescTable                         0x2000005d   Data          16  stm32f10x_rcc.o(.data)
    ADCPrescTable                            0x2000006d   Data           4  stm32f10x_rcc.o(.data)
    .data                                    0x20000072   Section        4  delay.o(.data)
    fac_us                                   0x20000072   Data           1  delay.o(.data)
    fac_ms                                   0x20000074   Data           2  delay.o(.data)
    .data                                    0x20000078   Section       10  usart.o(.data)
    .data                                    0x20000084   Section        4  errno.o(.data)
    _errno                                   0x20000084   Data           4  errno.o(.data)
    .bss                                     0x20000088   Section      200  main.o(.bss)
    .bss                                     0x20000150   Section     1152  oled.o(.bss)
    .bss                                     0x200005d0   Section     5984  algorithm.o(.bss)
    an_dx                                    0x200005d0   Data        1984  algorithm.o(.bss)
    an_x                                     0x20000d90   Data        2000  algorithm.o(.bss)
    an_y                                     0x20001560   Data        2000  algorithm.o(.bss)
    .bss                                     0x20001d30   Section     4100  max30102.o(.bss)
    .bss                                     0x20002d34   Section      321  usart.o(.bss)
    STACK                                    0x20002e78   Section     1024  startup_stm32f10x_md.o(STACK)

    Global Symbols

    Symbol Name                              Value     Ov Type        Size  Object(Section)

    BuildAttributes$$THM_ISAv4$P$D$K$B$S$PE$A:L22UL41UL21$X:L11$S22US41US21$IEEE1$IW$USESV6$~STKCKD$USESV7$~SHL$OTIME$ROPI$IEEEJ$EBA8$MICROLIB$REQ8$PRES8$EABIv2 0x00000000   Number         0  anon$$obj.o ABSOLUTE
    __ARM_use_no_argv                        0x00000000   Number         0  main.o ABSOLUTE
    __use_no_errno                           0x00000000   Number         0  useno.o ABSOLUTE
    __use_no_exception_handling              0x00000000   Number         0  useno.o ABSOLUTE
    __use_no_fp                              0x00000000   Number         0  useno.o ABSOLUTE
    __use_no_heap                            0x00000000   Number         0  useno.o ABSOLUTE
    __use_no_heap_region                     0x00000000   Number         0  useno.o ABSOLUTE
    __use_no_semihosting                     0x00000000   Number         0  useno.o ABSOLUTE
    __use_no_semihosting_swi                 0x00000000   Number         0  useno.o ABSOLUTE
    __use_no_signal_handling                 0x00000000   Number         0  useno.o ABSOLUTE
    _printf_a                                0x00000000   Number         0  stubs.o ABSOLUTE
    _printf_c                                0x00000000   Number         0  stubs.o ABSOLUTE
    _printf_charcount                        0x00000000   Number         0  stubs.o ABSOLUTE
    _printf_d                                0x00000000   Number         0  stubs.o ABSOLUTE
    _printf_e                                0x00000000   Number         0  stubs.o ABSOLUTE
    _printf_f                                0x00000000   Number         0  stubs.o ABSOLUTE
    _printf_flags                            0x00000000   Number         0  stubs.o ABSOLUTE
    _printf_fp_dec                           0x00000000   Number         0  stubs.o ABSOLUTE
    _printf_fp_hex                           0x00000000   Number         0  stubs.o ABSOLUTE
    _printf_g                                0x00000000   Number         0  stubs.o ABSOLUTE
    _printf_i                                0x00000000   Number         0  stubs.o ABSOLUTE
    _printf_int_dec                          0x00000000   Number         0  stubs.o ABSOLUTE
    _printf_l                                0x00000000   Number         0  stubs.o ABSOLUTE
    _printf_lc                               0x00000000   Number         0  stubs.o ABSOLUTE
    _printf_ll                               0x00000000   Number         0  stubs.o ABSOLUTE
    _printf_lld                              0x00000000   Number         0  stubs.o ABSOLUTE
    _printf_lli                              0x00000000   Number         0  stubs.o ABSOLUTE
    _printf_llo                              0x00000000   Number         0  stubs.o ABSOLUTE
    _printf_llu                              0x00000000   Number         0  stubs.o ABSOLUTE
    _printf_llx                              0x00000000   Number         0  stubs.o ABSOLUTE
    _printf_longlong_dec                     0x00000000   Number         0  stubs.o ABSOLUTE
    _printf_longlong_hex                     0x00000000   Number         0  stubs.o ABSOLUTE
    _printf_longlong_oct                     0x00000000   Number         0  stubs.o ABSOLUTE
    _printf_ls                               0x00000000   Number         0  stubs.o ABSOLUTE
    _printf_mbtowc                           0x00000000   Number         0  stubs.o ABSOLUTE
    _printf_n                                0x00000000   Number         0  stubs.o ABSOLUTE
    _printf_o                                0x00000000   Number         0  stubs.o ABSOLUTE
    _printf_p                                0x00000000   Number         0  stubs.o ABSOLUTE
    _printf_percent                          0x00000000   Number         0  stubs.o ABSOLUTE
    _printf_pre_padding                      0x00000000   Number         0  stubs.o ABSOLUTE
    _printf_return_value                     0x00000000   Number         0  stubs.o ABSOLUTE
    _printf_s                                0x00000000   Number         0  stubs.o ABSOLUTE
    _printf_sizespec                         0x00000000   Number         0  stubs.o ABSOLUTE
    _printf_str                              0x00000000   Number         0  stubs.o ABSOLUTE
    _printf_truncate_signed                  0x00000000   Number         0  stubs.o ABSOLUTE
    _printf_truncate_unsigned                0x00000000   Number         0  stubs.o ABSOLUTE
    _printf_u                                0x00000000   Number         0  stubs.o ABSOLUTE
    _printf_wc                               0x00000000   Number         0  stubs.o ABSOLUTE
    _printf_wctomb                           0x00000000   Number         0  stubs.o ABSOLUTE
    _printf_widthprec                        0x00000000   Number         0  stubs.o ABSOLUTE
    _printf_x                                0x00000000   Number         0  stubs.o ABSOLUTE
    __cpp_initialize__aeabi_                  - Undefined Weak Reference
    __cxa_finalize                            - Undefined Weak Reference
    __decompress                              - Undefined Weak Reference
    _clock_init                               - Undefined Weak Reference
    _microlib_exit                            - Undefined Weak Reference
    __Vectors_Size                           0x000000ec   Number         0  startup_stm32f10x_md.o ABSOLUTE
    __Vectors                                0x08000000   Data           4  startup_stm32f10x_md.o(RESET)
    __Vectors_End                            0x080000ec   Data           0  startup_stm32f10x_md.o(RESET)
    __main                                   0x080000ed   Thumb Code     0  entry.o(.ARM.Collect$$$$00000000)
    _main_stk                                0x080000ed   Thumb Code     0  entry2.o(.ARM.Collect$$$$00000001)
    _main_scatterload                        0x080000f1   Thumb Code     0  entry5.o(.ARM.Collect$$$$00000004)
    __main_after_scatterload                 0x080000f5   Thumb Code     0  entry5.o(.ARM.Collect$$$$00000004)
    _main_clock                              0x080000f5   Thumb Code     0  entry7b.o(.ARM.Collect$$$$00000008)
    _main_cpp_init                           0x080000f5   Thumb Code     0  entry8b.o(.ARM.Collect$$$$0000000A)
    _main_init                               0x080000f5   Thumb Code     0  entry9a.o(.ARM.Collect$$$$0000000B)
    __rt_final_cpp                           0x080000fd   Thumb Code     0  entry10a.o(.ARM.Collect$$$$0000000D)
    __rt_final_exit                          0x080000fd   Thumb Code     0  entry11a.o(.ARM.Collect$$$$0000000F)
    Hardware_Init                            0x08000101   Thumb Code    36  main.o(.text)
    SendMessage                              0x08000125   Thumb Code   182  main.o(.text)
    ShowGpsBuffer                            0x080001db   Thumb Code   100  main.o(.text)
    errorLog                                 0x0800023f   Thumb Code    14  main.o(.text)
    parseGpsBuffer                           0x0800024d   Thumb Code   222  main.o(.text)
    ShowMax                                  0x0800032b   Thumb Code   150  main.o(.text)
    main                                     0x080003c1   Thumb Code    98  main.o(.text)
    NMI_Handler                              0x080004d9   Thumb Code     2  stm32f10x_it.o(.text)
    HardFault_Handler                        0x080004db   Thumb Code     4  stm32f10x_it.o(.text)
    MemManage_Handler                        0x080004df   Thumb Code     4  stm32f10x_it.o(.text)
    BusFault_Handler                         0x080004e3   Thumb Code     4  stm32f10x_it.o(.text)
    UsageFault_Handler                       0x080004e7   Thumb Code     4  stm32f10x_it.o(.text)
    SVC_Handler                              0x080004eb   Thumb Code     2  stm32f10x_it.o(.text)
    DebugMon_Handler                         0x080004ed   Thumb Code     2  stm32f10x_it.o(.text)
    PendSV_Handler                           0x080004ef   Thumb Code     2  stm32f10x_it.o(.text)
    SystemInit                               0x080005cf   Thumb Code    78  system_stm32f10x.o(.text)
    SystemCoreClockUpdate                    0x0800061d   Thumb Code   142  system_stm32f10x.o(.text)
    IIC_delay                                0x080006d1   Thumb Code    16  oled.o(.text)
    I2C_Stop                                 0x080006e1   Thumb Code    38  oled.o(.text)
    I2C_WaitAck                              0x08000707   Thumb Code    46  oled.o(.text)
    Send_Byte                                0x08000735   Thumb Code    78  oled.o(.text)
    I2C_Start                                0x08000783   Thumb Code    56  oled.o(.text)
    OLED_WR_Byte                             0x080007bb   Thumb Code    56  oled.o(.text)
    OLED_ColorTurn                           0x080007f3   Thumb Code    28  oled.o(.text)
    OLED_DisplayTurn                         0x0800080f   Thumb Code    44  oled.o(.text)
    OLED_DisPlay_On                          0x0800083b   Thumb Code    28  oled.o(.text)
    OLED_DisPlay_Off                         0x08000857   Thumb Code    28  oled.o(.text)
    OLED_Refresh                             0x08000873   Thumb Code   100  oled.o(.text)
    OLED_Clear                               0x080008d7   Thumb Code    42  oled.o(.text)
    OLED_DrawPoint                           0x08000901   Thumb Code   114  oled.o(.text)
    OLED_DrawLine                            0x08000973   Thumb Code   172  oled.o(.text)
    OLED_DrawCircle                          0x08000a1f   Thumb Code   178  oled.o(.text)
    OLED_ShowChar                            0x08000ad1   Thumb Code   300  oled.o(.text)
    OLED_ShowString                          0x08000bfd   Thumb Code    74  oled.o(.text)
    OLED_Pow                                 0x08000c47   Thumb Code    22  oled.o(.text)
    OLED_ShowNum                             0x08000c5d   Thumb Code   140  oled.o(.text)
    OLED_ShowChinese                         0x08000ce9   Thumb Code   244  oled.o(.text)
    OLED_ScrollDisplay                       0x08000ddd   Thumb Code   168  oled.o(.text)
    OLED_ShowPicture                         0x08000e85   Thumb Code   252  oled.o(.text)
    OLED_Init                                0x08000f81   Thumb Code   262  oled.o(.text)
    maxim_sort_ascend                        0x0800108d   Thumb Code    54  algorithm.o(.text)
    maxim_sort_indices_descend               0x080010c3   Thumb Code    64  algorithm.o(.text)
    maxim_remove_close_peaks                 0x08001103   Thumb Code   114  algorithm.o(.text)
    maxim_peaks_above_min_height             0x08001175   Thumb Code   122  algorithm.o(.text)
    maxim_find_peaks                         0x080011ef   Thumb Code    66  algorithm.o(.text)
    maxim_heart_rate_and_oxygen_saturation   0x08001231   Thumb Code  1272  algorithm.o(.text)
    max30102_Bus_Write                       0x08001731   Thumb Code    68  max30102.o(.text)
    max30102_Bus_Read                        0x08001775   Thumb Code    82  max30102.o(.text)
    max30102_FIFO_ReadWords                  0x080017c7   Thumb Code   168  max30102.o(.text)
    max30102_FIFO_ReadBytes                  0x0800186f   Thumb Code   128  max30102.o(.text)
    max30102_reset                           0x080018ef   Thumb Code    20  max30102.o(.text)
    max30102_init                            0x08001903   Thumb Code   130  max30102.o(.text)
    maxim_max30102_write_reg                 0x08001985   Thumb Code    18  max30102.o(.text)
    maxim_max30102_read_reg                  0x08001997   Thumb Code    18  max30102.o(.text)
    maxim_max30102_read_fifo                 0x080019a9   Thumb Code   124  max30102.o(.text)
    dis_DrawCurve                            0x08001a25   Thumb Code   108  max30102.o(.text)
    MAX30102_data_set                        0x08001a91   Thumb Code   240  max30102.o(.text)
    MAX30102_get                             0x08001b81   Thumb Code   712  max30102.o(.text)
    IIC_Init                                 0x08001ea9   Thumb Code    52  myiic.o(.text)
    IIC_Start                                0x08001edd   Thumb Code    72  myiic.o(.text)
    IIC_Stop                                 0x08001f25   Thumb Code    66  myiic.o(.text)
    IIC_Wait_Ack                             0x08001f67   Thumb Code    90  myiic.o(.text)
    IIC_Ack                                  0x08001fc1   Thumb Code    70  myiic.o(.text)
    IIC_NAck                                 0x08002007   Thumb Code    70  myiic.o(.text)
    IIC_Send_Byte                            0x0800204d   Thumb Code    94  myiic.o(.text)
    IIC_Read_Byte                            0x080020ab   Thumb Code   102  myiic.o(.text)
    IIC_WriteBytes                           0x08002111   Thumb Code    60  myiic.o(.text)
    IIC_ReadBytes                            0x0800214d   Thumb Code    94  myiic.o(.text)
    IIC_Read_One_Byte                        0x080021ab   Thumb Code    62  myiic.o(.text)
    IIC_Write_One_Byte                       0x080021e9   Thumb Code    54  myiic.o(.text)
    Reset_Handler                            0x0800222d   Thumb Code     8  startup_stm32f10x_md.o(.text)
    SysTick_Handler                          0x08002245   Thumb Code     2  startup_stm32f10x_md.o(.text)
    ADC1_2_IRQHandler                        0x08002247   Thumb Code     0  startup_stm32f10x_md.o(.text)
    CAN1_RX1_IRQHandler                      0x08002247   Thumb Code     0  startup_stm32f10x_md.o(.text)
    CAN1_SCE_IRQHandler                      0x08002247   Thumb Code     0  startup_stm32f10x_md.o(.text)
    DMA1_Channel1_IRQHandler                 0x08002247   Thumb Code     0  startup_stm32f10x_md.o(.text)
    DMA1_Channel2_IRQHandler                 0x08002247   Thumb Code     0  startup_stm32f10x_md.o(.text)
    DMA1_Channel3_IRQHandler                 0x08002247   Thumb Code     0  startup_stm32f10x_md.o(.text)
    DMA1_Channel4_IRQHandler                 0x08002247   Thumb Code     0  startup_stm32f10x_md.o(.text)
    DMA1_Channel5_IRQHandler                 0x08002247   Thumb Code     0  startup_stm32f10x_md.o(.text)
    DMA1_Channel6_IRQHandler                 0x08002247   Thumb Code     0  startup_stm32f10x_md.o(.text)
    DMA1_Channel7_IRQHandler                 0x08002247   Thumb Code     0  startup_stm32f10x_md.o(.text)
    EXTI0_IRQHandler                         0x08002247   Thumb Code     0  startup_stm32f10x_md.o(.text)
    EXTI15_10_IRQHandler                     0x08002247   Thumb Code     0  startup_stm32f10x_md.o(.text)
    EXTI1_IRQHandler                         0x08002247   Thumb Code     0  startup_stm32f10x_md.o(.text)
    EXTI2_IRQHandler                         0x08002247   Thumb Code     0  startup_stm32f10x_md.o(.text)
    EXTI3_IRQHandler                         0x08002247   Thumb Code     0  startup_stm32f10x_md.o(.text)
    EXTI4_IRQHandler                         0x08002247   Thumb Code     0  startup_stm32f10x_md.o(.text)
    EXTI9_5_IRQHandler                       0x08002247   Thumb Code     0  startup_stm32f10x_md.o(.text)
    FLASH_IRQHandler                         0x08002247   Thumb Code     0  startup_stm32f10x_md.o(.text)
    I2C1_ER_IRQHandler                       0x08002247   Thumb Code     0  startup_stm32f10x_md.o(.text)
    I2C1_EV_IRQHandler                       0x08002247   Thumb Code     0  startup_stm32f10x_md.o(.text)
    I2C2_ER_IRQHandler                       0x08002247   Thumb Code     0  startup_stm32f10x_md.o(.text)
    I2C2_EV_IRQHandler                       0x08002247   Thumb Code     0  startup_stm32f10x_md.o(.text)
    PVD_IRQHandler                           0x08002247   Thumb Code     0  startup_stm32f10x_md.o(.text)
    RCC_IRQHandler                           0x08002247   Thumb Code     0  startup_stm32f10x_md.o(.text)
    RTCAlarm_IRQHandler                      0x08002247   Thumb Code     0  startup_stm32f10x_md.o(.text)
    RTC_IRQHandler                           0x08002247   Thumb Code     0  startup_stm32f10x_md.o(.text)
    SPI1_IRQHandler                          0x08002247   Thumb Code     0  startup_stm32f10x_md.o(.text)
    SPI2_IRQHandler                          0x08002247   Thumb Code     0  startup_stm32f10x_md.o(.text)
    TAMPER_IRQHandler                        0x08002247   Thumb Code     0  startup_stm32f10x_md.o(.text)
    TIM1_BRK_IRQHandler                      0x08002247   Thumb Code     0  startup_stm32f10x_md.o(.text)
    TIM1_CC_IRQHandler                       0x08002247   Thumb Code     0  startup_stm32f10x_md.o(.text)
    TIM1_TRG_COM_IRQHandler                  0x08002247   Thumb Code     0  startup_stm32f10x_md.o(.text)
    TIM1_UP_IRQHandler                       0x08002247   Thumb Code     0  startup_stm32f10x_md.o(.text)
    TIM2_IRQHandler                          0x08002247   Thumb Code     0  startup_stm32f10x_md.o(.text)
    TIM3_IRQHandler                          0x08002247   Thumb Code     0  startup_stm32f10x_md.o(.text)
    TIM4_IRQHandler                          0x08002247   Thumb Code     0  startup_stm32f10x_md.o(.text)
    USART2_IRQHandler                        0x08002247   Thumb Code     0  startup_stm32f10x_md.o(.text)
    USART3_IRQHandler                        0x08002247   Thumb Code     0  startup_stm32f10x_md.o(.text)
    USBWakeUp_IRQHandler                     0x08002247   Thumb Code     0  startup_stm32f10x_md.o(.text)
    USB_HP_CAN1_TX_IRQHandler                0x08002247   Thumb Code     0  startup_stm32f10x_md.o(.text)
    USB_LP_CAN1_RX0_IRQHandler               0x08002247   Thumb Code     0  startup_stm32f10x_md.o(.text)
    WWDG_IRQHandler                          0x08002247   Thumb Code     0  startup_stm32f10x_md.o(.text)
    NVIC_PriorityGroupConfig                 0x08002251   Thumb Code    10  misc.o(.text)
    NVIC_Init                                0x0800225b   Thumb Code   100  misc.o(.text)
    NVIC_SetVectorTable                      0x080022bf   Thumb Code    14  misc.o(.text)
    NVIC_SystemLPConfig                      0x080022cd   Thumb Code    34  misc.o(.text)
    SysTick_CLKSourceConfig                  0x080022ef   Thumb Code    40  misc.o(.text)
    GPIO_DeInit                              0x0800232d   Thumb Code   172  stm32f10x_gpio.o(.text)
    GPIO_AFIODeInit                          0x080023d9   Thumb Code    20  stm32f10x_gpio.o(.text)
    GPIO_Init                                0x080023ed   Thumb Code   278  stm32f10x_gpio.o(.text)
    GPIO_StructInit                          0x08002503   Thumb Code    16  stm32f10x_gpio.o(.text)
    GPIO_ReadInputDataBit                    0x08002513   Thumb Code    18  stm32f10x_gpio.o(.text)
    GPIO_ReadInputData                       0x08002525   Thumb Code     8  stm32f10x_gpio.o(.text)
    GPIO_ReadOutputDataBit                   0x0800252d   Thumb Code    18  stm32f10x_gpio.o(.text)
    GPIO_ReadOutputData                      0x0800253f   Thumb Code     8  stm32f10x_gpio.o(.text)
    GPIO_SetBits                             0x08002547   Thumb Code     4  stm32f10x_gpio.o(.text)
    GPIO_ResetBits                           0x0800254b   Thumb Code     4  stm32f10x_gpio.o(.text)
    GPIO_WriteBit                            0x0800254f   Thumb Code    10  stm32f10x_gpio.o(.text)
    GPIO_Write                               0x08002559   Thumb Code     4  stm32f10x_gpio.o(.text)
    GPIO_PinLockConfig                       0x0800255d   Thumb Code    18  stm32f10x_gpio.o(.text)
    GPIO_EventOutputConfig                   0x0800256f   Thumb Code    26  stm32f10x_gpio.o(.text)
    GPIO_EventOutputCmd                      0x08002589   Thumb Code     6  stm32f10x_gpio.o(.text)
    GPIO_PinRemapConfig                      0x0800258f   Thumb Code   138  stm32f10x_gpio.o(.text)
    GPIO_EXTILineConfig                      0x08002619   Thumb Code    66  stm32f10x_gpio.o(.text)
    GPIO_ETH_MediaInterfaceConfig            0x0800265b   Thumb Code     8  stm32f10x_gpio.o(.text)
    RCC_DeInit                               0x08002689   Thumb Code    64  stm32f10x_rcc.o(.text)
    RCC_HSEConfig                            0x080026c9   Thumb Code    70  stm32f10x_rcc.o(.text)
    RCC_GetFlagStatus                        0x0800270f   Thumb Code    56  stm32f10x_rcc.o(.text)
    RCC_WaitForHSEStartUp                    0x08002747   Thumb Code    56  stm32f10x_rcc.o(.text)
    RCC_AdjustHSICalibrationValue            0x0800277f   Thumb Code    20  stm32f10x_rcc.o(.text)
    RCC_HSICmd                               0x08002793   Thumb Code     6  stm32f10x_rcc.o(.text)
    RCC_PLLConfig                            0x08002799   Thumb Code    24  stm32f10x_rcc.o(.text)
    RCC_PLLCmd                               0x080027b1   Thumb Code     6  stm32f10x_rcc.o(.text)
    RCC_SYSCLKConfig                         0x080027b7   Thumb Code    18  stm32f10x_rcc.o(.text)
    RCC_GetSYSCLKSource                      0x080027c9   Thumb Code    10  stm32f10x_rcc.o(.text)
    RCC_HCLKConfig                           0x080027d3   Thumb Code    18  stm32f10x_rcc.o(.text)
    RCC_PCLK1Config                          0x080027e5   Thumb Code    18  stm32f10x_rcc.o(.text)
    RCC_PCLK2Config                          0x080027f7   Thumb Code    20  stm32f10x_rcc.o(.text)
    RCC_ITConfig                             0x0800280b   Thumb Code    26  stm32f10x_rcc.o(.text)
    RCC_USBCLKConfig                         0x08002825   Thumb Code     8  stm32f10x_rcc.o(.text)
    RCC_ADCCLKConfig                         0x0800282d   Thumb Code    18  stm32f10x_rcc.o(.text)
    RCC_LSEConfig                            0x0800283f   Thumb Code    50  stm32f10x_rcc.o(.text)
    RCC_LSICmd                               0x08002871   Thumb Code     6  stm32f10x_rcc.o(.text)
    RCC_RTCCLKConfig                         0x08002877   Thumb Code    12  stm32f10x_rcc.o(.text)
    RCC_RTCCLKCmd                            0x08002883   Thumb Code     8  stm32f10x_rcc.o(.text)
    RCC_GetClocksFreq                        0x0800288b   Thumb Code   192  stm32f10x_rcc.o(.text)
    RCC_AHBPeriphClockCmd                    0x0800294b   Thumb Code    26  stm32f10x_rcc.o(.text)
    RCC_APB2PeriphClockCmd                   0x08002965   Thumb Code    26  stm32f10x_rcc.o(.text)
    RCC_APB1PeriphClockCmd                   0x0800297f   Thumb Code    26  stm32f10x_rcc.o(.text)
    RCC_APB2PeriphResetCmd                   0x08002999   Thumb Code    26  stm32f10x_rcc.o(.text)
    RCC_APB1PeriphResetCmd                   0x080029b3   Thumb Code    26  stm32f10x_rcc.o(.text)
    RCC_BackupResetCmd                       0x080029cd   Thumb Code     8  stm32f10x_rcc.o(.text)
    RCC_ClockSecuritySystemCmd               0x080029d5   Thumb Code     6  stm32f10x_rcc.o(.text)
    RCC_MCOConfig                            0x080029db   Thumb Code     6  stm32f10x_rcc.o(.text)
    RCC_ClearFlag                            0x080029e1   Thumb Code    14  stm32f10x_rcc.o(.text)
    RCC_GetITStatus                          0x080029ef   Thumb Code    20  stm32f10x_rcc.o(.text)
    RCC_ClearITPendingBit                    0x08002a03   Thumb Code     6  stm32f10x_rcc.o(.text)
    USART_DeInit                             0x08002a2d   Thumb Code   134  stm32f10x_usart.o(.text)
    USART_Init                               0x08002ab3   Thumb Code   210  stm32f10x_usart.o(.text)
    USART_StructInit                         0x08002b85   Thumb Code    24  stm32f10x_usart.o(.text)
    USART_ClockInit                          0x08002b9d   Thumb Code    34  stm32f10x_usart.o(.text)
    USART_ClockStructInit                    0x08002bbf   Thumb Code    12  stm32f10x_usart.o(.text)
    USART_Cmd                                0x08002bcb   Thumb Code    24  stm32f10x_usart.o(.text)
    USART_ITConfig                           0x08002be3   Thumb Code    74  stm32f10x_usart.o(.text)
    USART_DMACmd                             0x08002c2d   Thumb Code    18  stm32f10x_usart.o(.text)
    USART_SetAddress                         0x08002c3f   Thumb Code    18  stm32f10x_usart.o(.text)
    USART_WakeUpConfig                       0x08002c51   Thumb Code    18  stm32f10x_usart.o(.text)
    USART_ReceiverWakeUpCmd                  0x08002c63   Thumb Code    24  stm32f10x_usart.o(.text)
    USART_LINBreakDetectLengthConfig         0x08002c7b   Thumb Code    18  stm32f10x_usart.o(.text)
    USART_LINCmd                             0x08002c8d   Thumb Code    24  stm32f10x_usart.o(.text)
    USART_SendData                           0x08002ca5   Thumb Code     8  stm32f10x_usart.o(.text)
    USART_ReceiveData                        0x08002cad   Thumb Code    10  stm32f10x_usart.o(.text)
    USART_SendBreak                          0x08002cb7   Thumb Code    10  stm32f10x_usart.o(.text)
    USART_SetGuardTime                       0x08002cc1   Thumb Code    16  stm32f10x_usart.o(.text)
    USART_SetPrescaler                       0x08002cd1   Thumb Code    16  stm32f10x_usart.o(.text)
    USART_SmartCardCmd                       0x08002ce1   Thumb Code    24  stm32f10x_usart.o(.text)
    USART_SmartCardNACKCmd                   0x08002cf9   Thumb Code    24  stm32f10x_usart.o(.text)
    USART_HalfDuplexCmd                      0x08002d11   Thumb Code    24  stm32f10x_usart.o(.text)
    USART_OverSampling8Cmd                   0x08002d29   Thumb Code    22  stm32f10x_usart.o(.text)
    USART_OneBitMethodCmd                    0x08002d3f   Thumb Code    24  stm32f10x_usart.o(.text)
    USART_IrDAConfig                         0x08002d57   Thumb Code    18  stm32f10x_usart.o(.text)
    USART_IrDACmd                            0x08002d69   Thumb Code    24  stm32f10x_usart.o(.text)
    USART_GetFlagStatus                      0x08002d81   Thumb Code    26  stm32f10x_usart.o(.text)
    USART_ClearFlag                          0x08002d9b   Thumb Code    18  stm32f10x_usart.o(.text)
    USART_GetITStatus                        0x08002dad   Thumb Code    84  stm32f10x_usart.o(.text)
    USART_ClearITPendingBit                  0x08002e01   Thumb Code    52  stm32f10x_usart.o(.text)
    delay_init                               0x08002e35   Thumb Code    50  delay.o(.text)
    delay_us                                 0x08002e67   Thumb Code    72  delay.o(.text)
    delay_ms                                 0x08002eaf   Thumb Code    72  delay.o(.text)
    NVIC_Configuration                       0x08002f09   Thumb Code    12  sys.o(.text)
    _sys_exit                                0x08002f15   Thumb Code     4  usart.o(.text)
    fputc                                    0x08002f19   Thumb Code    24  usart.o(.text)
    CLR_Buf                                  0x08002f31   Thumb Code    18  usart.o(.text)
    uart_init                                0x08002f43   Thumb Code   156  usart.o(.text)
    USART2_Config                            0x08002fdf   Thumb Code   124  usart.o(.text)
    Usart_SendByte                           0x0800305b   Thumb Code    30  usart.o(.text)
    Usart_SendString                         0x08003079   Thumb Code    42  usart.o(.text)
    Usart_SendHalfWord                       0x080030a3   Thumb Code    60  usart.o(.text)
    USART1_IRQHandler                        0x080030df   Thumb Code   134  usart.o(.text)
    Hand                                     0x08003165   Thumb Code    22  usart.o(.text)
    clrStruct                                0x0800317b   Thumb Code    72  usart.o(.text)
    __aeabi_memcpy                           0x080031dd   Thumb Code    36  memcpya.o(.text)
    __aeabi_memcpy4                          0x080031dd   Thumb Code     0  memcpya.o(.text)
    __aeabi_memcpy8                          0x080031dd   Thumb Code     0  memcpya.o(.text)
    __aeabi_memset                           0x08003201   Thumb Code    14  memseta.o(.text)
    __aeabi_memset4                          0x08003201   Thumb Code     0  memseta.o(.text)
    __aeabi_memset8                          0x08003201   Thumb Code     0  memseta.o(.text)
    __aeabi_memclr                           0x0800320f   Thumb Code     4  memseta.o(.text)
    __aeabi_memclr4                          0x0800320f   Thumb Code     0  memseta.o(.text)
    __aeabi_memclr8                          0x0800320f   Thumb Code     0  memseta.o(.text)
    _memset$wrapper                          0x08003213   Thumb Code    18  memseta.o(.text)
    strstr                                   0x08003225   Thumb Code    36  strstr.o(.text)
    __aeabi_fadd                             0x08003249   Thumb Code   164  fadd.o(.text)
    __aeabi_fsub                             0x080032ed   Thumb Code     6  fadd.o(.text)
    __aeabi_frsub                            0x080032f3   Thumb Code     6  fadd.o(.text)
    __aeabi_fmul                             0x080032f9   Thumb Code   100  fmul.o(.text)
    __aeabi_fdiv                             0x0800335d   Thumb Code   124  fdiv.o(.text)
    __aeabi_ui2f                             0x080033d9   Thumb Code    10  ffltui.o(.text)
    __aeabi_f2iz                             0x080033e3   Thumb Code    50  ffixi.o(.text)
    __aeabi_f2uiz                            0x08003415   Thumb Code    40  ffixui.o(.text)
    __aeabi_f2d                              0x0800343d   Thumb Code    38  f2d.o(.text)
    __aeabi_d2f                              0x08003463   Thumb Code    56  d2f.o(.text)
    __aeabi_cfcmpeq                          0x0800349d   Thumb Code     0  cfcmple.o(.text)
    __aeabi_cfcmple                          0x0800349d   Thumb Code    20  cfcmple.o(.text)
    __aeabi_cfrcmple                         0x080034b1   Thumb Code    20  cfrcmple.o(.text)
    __aeabi_uidiv                            0x080034c5   Thumb Code     0  uidiv.o(.text)
    __aeabi_uidivmod                         0x080034c5   Thumb Code    44  uidiv.o(.text)
    __aeabi_uldivmod                         0x080034f1   Thumb Code    98  uldiv.o(.text)
    __strtod_int                             0x0800358b   Thumb Code    88  strtod.o(.text)
    __I$use$fp                               0x080035f1   Thumb Code     0  iusefp.o(.text)
    _float_round                             0x080035f1   Thumb Code    18  fepilogue.o(.text)
    _float_epilogue                          0x08003603   Thumb Code    92  fepilogue.o(.text)
    __aeabi_dadd                             0x0800365f   Thumb Code   322  dadd.o(.text)
    __aeabi_dsub                             0x080037a1   Thumb Code     6  dadd.o(.text)
    __aeabi_drsub                            0x080037a7   Thumb Code     6  dadd.o(.text)
    __aeabi_dmul                             0x080037ad   Thumb Code   228  dmul.o(.text)
    __aeabi_ddiv                             0x08003891   Thumb Code   222  ddiv.o(.text)
    __aeabi_d2ulz                            0x0800396f   Thumb Code    48  dfixul.o(.text)
    __aeabi_cdrcmple                         0x080039a1   Thumb Code    48  cdrcmple.o(.text)
    __scatterload                            0x080039d1   Thumb Code    28  init.o(.text)
    __scatterload_rt2                        0x080039d1   Thumb Code     0  init.o(.text)
    __aeabi_llsl                             0x080039f5   Thumb Code    30  llshl.o(.text)
    _ll_shift_l                              0x080039f5   Thumb Code     0  llshl.o(.text)
    __aeabi_llsr                             0x08003a13   Thumb Code    32  llushr.o(.text)
    _ll_ushift_r                             0x08003a13   Thumb Code     0  llushr.o(.text)
    __aeabi_lasr                             0x08003a33   Thumb Code    36  llsshr.o(.text)
    _ll_sshift_r                             0x08003a33   Thumb Code     0  llsshr.o(.text)
    isspace                                  0x08003a57   Thumb Code    10  isspace_c.o(.text)
    _scanf_real                              0x08003b61   Thumb Code     0  scanf_fp.o(.text)
    _scanf_really_real                       0x08003b61   Thumb Code   556  scanf_fp.o(.text)
    _sgetc                                   0x08003d99   Thumb Code    30  _sgetc.o(.text)
    _sbackspace                              0x08003db7   Thumb Code    34  _sgetc.o(.text)
    _double_round                            0x08003dd9   Thumb Code    30  depilogue.o(.text)
    _double_epilogue                         0x08003df7   Thumb Code   156  depilogue.o(.text)
    __ctype_lookup                           0x08003e95   Thumb Code    34  ctype_c.o(.text)
    __aeabi_ul2d                             0x08003ebd   Thumb Code    24  dfltul.o(.text)
    __0printf                                0x08003ed5   Thumb Code    22  printfa.o(i.__0printf)
    __1printf                                0x08003ed5   Thumb Code     0  printfa.o(i.__0printf)
    __2printf                                0x08003ed5   Thumb Code     0  printfa.o(i.__0printf)
    __c89printf                              0x08003ed5   Thumb Code     0  printfa.o(i.__0printf)
    printf                                   0x08003ed5   Thumb Code     0  printfa.o(i.__0printf)
    __0sprintf                               0x08003ef5   Thumb Code    34  printfa.o(i.__0sprintf)
    __1sprintf                               0x08003ef5   Thumb Code     0  printfa.o(i.__0sprintf)
    __2sprintf                               0x08003ef5   Thumb Code     0  printfa.o(i.__0sprintf)
    __c89sprintf                             0x08003ef5   Thumb Code     0  printfa.o(i.__0sprintf)
    sprintf                                  0x08003ef5   Thumb Code     0  printfa.o(i.__0sprintf)
    __read_errno                             0x08003f1d   Thumb Code     6  errno.o(i.__read_errno)
    __scatterload_copy                       0x08003f29   Thumb Code    14  handlers.o(i.__scatterload_copy)
    __scatterload_null                       0x08003f37   Thumb Code     2  handlers.o(i.__scatterload_null)
    __scatterload_zeroinit                   0x08003f39   Thumb Code    14  handlers.o(i.__scatterload_zeroinit)
    __set_errno                              0x08003f49   Thumb Code     6  errno.o(i.__set_errno)
    _is_digit                                0x080040b9   Thumb Code    14  scanf_fp.o(i._is_digit)
    atof                                     0x08004801   Thumb Code    42  atof.o(i.atof)
    asc2_0806                                0x0800482a   Data         552  oled.o(.constdata)
    asc2_1206                                0x08004a52   Data        1140  oled.o(.constdata)
    asc2_1608                                0x08004ec6   Data        1520  oled.o(.constdata)
    asc2_2412                                0x080054b6   Data        3420  oled.o(.constdata)
    Hzk1                                     0x08006212   Data         352  oled.o(.constdata)
    Hzk2                                     0x08006372   Data          72  oled.o(.constdata)
    Hzk3                                     0x080063ba   Data         128  oled.o(.constdata)
    Hzk4                                     0x0800643a   Data         512  oled.o(.constdata)
    auw_hamm                                 0x0800663a   Data          62  algorithm.o(.constdata)
    uch_spo2_table                           0x08006678   Data         184  algorithm.o(.constdata)
    __ctype_categories                       0x08006730   Data          64  ctype_c.o(.constdata)
    Region$$Table$$Base                      0x08006770   Number         0  anon$$obj.o(Region$$Table)
    Region$$Table$$Limit                     0x08006790   Number         0  anon$$obj.o(Region$$Table)
    RX_Data                                  0x20000000   Data           1  main.o(.data)
    HR                                       0x20000001   Data           1  main.o(.data)
    SPO2                                     0x20000002   Data           1  main.o(.data)
    Temp                                     0x20000004   Data           4  main.o(.data)
    AfterProcessData                         0x20000008   Data           4  main.o(.data)
    longitude                                0x2000000c   Data           4  main.o(.data)
    latitude                                 0x20000010   Data           4  main.o(.data)
    SystemCoreClock                          0x20000014   Data           4  system_stm32f10x.o(.data)
    AHBPrescTable                            0x20000018   Data          16  system_stm32f10x.o(.data)
    n_ir_buffer_length                       0x20000028   Data           4  max30102.o(.data)
    n_sp02                                   0x2000002c   Data           4  max30102.o(.data)
    ch_spo2_valid                            0x20000030   Data           1  max30102.o(.data)
    n_heart_rate                             0x20000034   Data           4  max30102.o(.data)
    ch_hr_valid                              0x20000038   Data           1  max30102.o(.data)
    uch_dummy                                0x20000039   Data           1  max30102.o(.data)
    un_min                                   0x2000003c   Data           4  max30102.o(.data)
    un_max                                   0x20000040   Data           4  max30102.o(.data)
    un_prev_data                             0x20000044   Data           4  max30102.o(.data)
    i                                        0x20000048   Data           4  max30102.o(.data)
    n_brightness                             0x2000004c   Data           4  max30102.o(.data)
    f_temp                                   0x20000050   Data           4  max30102.o(.data)
    temp_num                                 0x20000054   Data           1  max30102.o(.data)
    temp                                     0x20000055   Data           6  max30102.o(.data)
    dis_hr                                   0x2000005b   Data           1  max30102.o(.data)
    dis_spo2                                 0x2000005c   Data           1  max30102.o(.data)
    rxdatabufer                              0x20000078   Data           1  usart.o(.data)
    point1                                   0x2000007a   Data           2  usart.o(.data)
    __stdout                                 0x2000007c   Data           4  usart.o(.data)
    USART_RX_STA                             0x20000080   Data           2  usart.o(.data)
    BeforeProcessData                        0x20000088   Data         200  main.o(.bss)
    OLED_GRAM                                0x20000150   Data        1152  oled.o(.bss)
    aun_ir_buffer                            0x20001d30   Data        2000  max30102.o(.bss)
    aun_red_buffer                           0x20002500   Data        2000  max30102.o(.bss)
    str                                      0x20002cd0   Data         100  max30102.o(.bss)
    Save_Data                                0x20002d34   Data         121  usart.o(.bss)
    USART_RX_BUF                             0x20002dad   Data         200  usart.o(.bss)
    __initial_sp                             0x20003278   Data           0  startup_stm32f10x_md.o(STACK)



==============================================================================

Memory Map of the image

  Image Entry point : 0x080000ed

  Load Region LR_IROM1 (Base: 0x08000000, Size: 0x00006818, Max: 0x00010000, ABSOLUTE)

    Execution Region ER_IROM1 (Base: 0x08000000, Size: 0x00006790, Max: 0x00010000, ABSOLUTE)

    Base Addr    Size         Type   Attr      Idx    E Section Name        Object

    0x08000000   0x000000ec   Data   RO          210    RESET               startup_stm32f10x_md.o
    0x080000ec   0x00000000   Code   RO          318  * .ARM.Collect$$$$00000000  mc_w.l(entry.o)
    0x080000ec   0x00000004   Code   RO          610    .ARM.Collect$$$$00000001  mc_w.l(entry2.o)
    0x080000f0   0x00000004   Code   RO          613    .ARM.Collect$$$$00000004  mc_w.l(entry5.o)
    0x080000f4   0x00000000   Code   RO          615    .ARM.Collect$$$$00000008  mc_w.l(entry7b.o)
    0x080000f4   0x00000000   Code   RO          617    .ARM.Collect$$$$0000000A  mc_w.l(entry8b.o)
    0x080000f4   0x00000008   Code   RO          618    .ARM.Collect$$$$0000000B  mc_w.l(entry9a.o)
    0x080000fc   0x00000000   Code   RO          620    .ARM.Collect$$$$0000000D  mc_w.l(entry10a.o)
    0x080000fc   0x00000000   Code   RO          622    .ARM.Collect$$$$0000000F  mc_w.l(entry11a.o)
    0x080000fc   0x00000004   Code   RO          611    .ARM.Collect$$$$00002712  mc_w.l(entry2.o)
    0x08000100   0x000003d8   Code   RO            1    .text               main.o
    0x080004d8   0x00000018   Code   RO           81    .text               stm32f10x_it.o
    0x080004f0   0x000001e0   Code   RO           96    .text               system_stm32f10x.o
    0x080006d0   0x000009bc   Code   RO          114    .text               oled.o
    0x0800108c   0x000006a4   Code   RO          153    .text               algorithm.o
    0x08001730   0x00000778   Code   RO          169    .text               max30102.o
    0x08001ea8   0x00000384   Code   RO          185    .text               myiic.o
    0x0800222c   0x00000024   Code   RO          211    .text               startup_stm32f10x_md.o
    0x08002250   0x000000dc   Code   RO          215    .text               misc.o
    0x0800232c   0x0000035c   Code   RO          227    .text               stm32f10x_gpio.o
    0x08002688   0x000003a4   Code   RO          239    .text               stm32f10x_rcc.o
    0x08002a2c   0x00000408   Code   RO          253    .text               stm32f10x_usart.o
    0x08002e34   0x000000d4   Code   RO          265    .text               delay.o
    0x08002f08   0x0000000c   Code   RO          279    .text               sys.o
    0x08002f14   0x000002c8   Code   RO          291    .text               usart.o
    0x080031dc   0x00000024   Code   RO          321    .text               mc_w.l(memcpya.o)
    0x08003200   0x00000024   Code   RO          323    .text               mc_w.l(memseta.o)
    0x08003224   0x00000024   Code   RO          325    .text               mc_w.l(strstr.o)
    0x08003248   0x000000b0   Code   RO          590    .text               mf_w.l(fadd.o)
    0x080032f8   0x00000064   Code   RO          592    .text               mf_w.l(fmul.o)
    0x0800335c   0x0000007c   Code   RO          594    .text               mf_w.l(fdiv.o)
    0x080033d8   0x0000000a   Code   RO          596    .text               mf_w.l(ffltui.o)
    0x080033e2   0x00000032   Code   RO          598    .text               mf_w.l(ffixi.o)
    0x08003414   0x00000028   Code   RO          600    .text               mf_w.l(ffixui.o)
    0x0800343c   0x00000026   Code   RO          602    .text               mf_w.l(f2d.o)
    0x08003462   0x00000038   Code   RO          604    .text               mf_w.l(d2f.o)
    0x0800349a   0x00000002   PAD
    0x0800349c   0x00000014   Code   RO          606    .text               mf_w.l(cfcmple.o)
    0x080034b0   0x00000014   Code   RO          608    .text               mf_w.l(cfrcmple.o)
    0x080034c4   0x0000002c   Code   RO          624    .text               mc_w.l(uidiv.o)
    0x080034f0   0x00000062   Code   RO          626    .text               mc_w.l(uldiv.o)
    0x08003552   0x00000002   PAD
    0x08003554   0x0000009c   Code   RO          635    .text               mc_w.l(strtod.o)
    0x080035f0   0x00000000   Code   RO          637    .text               mc_w.l(iusefp.o)
    0x080035f0   0x0000006e   Code   RO          638    .text               mf_w.l(fepilogue.o)
    0x0800365e   0x0000014e   Code   RO          640    .text               mf_w.l(dadd.o)
    0x080037ac   0x000000e4   Code   RO          642    .text               mf_w.l(dmul.o)
    0x08003890   0x000000de   Code   RO          644    .text               mf_w.l(ddiv.o)
    0x0800396e   0x00000030   Code   RO          646    .text               mf_w.l(dfixul.o)
    0x0800399e   0x00000002   PAD
    0x080039a0   0x00000030   Code   RO          648    .text               mf_w.l(cdrcmple.o)
    0x080039d0   0x00000024   Code   RO          650    .text               mc_w.l(init.o)
    0x080039f4   0x0000001e   Code   RO          652    .text               mc_w.l(llshl.o)
    0x08003a12   0x00000020   Code   RO          654    .text               mc_w.l(llushr.o)
    0x08003a32   0x00000024   Code   RO          656    .text               mc_w.l(llsshr.o)
    0x08003a56   0x0000000a   Code   RO          658    .text               mc_w.l(isspace_c.o)
    0x08003a60   0x00000338   Code   RO          660    .text               mc_w.l(scanf_fp.o)
    0x08003d98   0x00000040   Code   RO          664    .text               mc_w.l(_sgetc.o)
    0x08003dd8   0x000000ba   Code   RO          666    .text               mf_w.l(depilogue.o)
    0x08003e92   0x00000002   PAD
    0x08003e94   0x00000028   Code   RO          668    .text               mc_w.l(ctype_c.o)
    0x08003ebc   0x00000018   Code   RO          671    .text               mf_w.l(dfltul.o)
    0x08003ed4   0x00000020   Code   RO          562    i.__0printf         mc_w.l(printfa.o)
    0x08003ef4   0x00000028   Code   RO          564    i.__0sprintf        mc_w.l(printfa.o)
    0x08003f1c   0x0000000c   Code   RO          629    i.__read_errno      mc_w.l(errno.o)
    0x08003f28   0x0000000e   Code   RO          675    i.__scatterload_copy  mc_w.l(handlers.o)
    0x08003f36   0x00000002   Code   RO          676    i.__scatterload_null  mc_w.l(handlers.o)
    0x08003f38   0x0000000e   Code   RO          677    i.__scatterload_zeroinit  mc_w.l(handlers.o)
    0x08003f46   0x00000002   PAD
    0x08003f48   0x0000000c   Code   RO          630    i.__set_errno       mc_w.l(errno.o)
    0x08003f54   0x00000164   Code   RO          569    i._fp_digits        mc_w.l(printfa.o)
    0x080040b8   0x0000000e   Code   RO          662    i._is_digit         mc_w.l(scanf_fp.o)
    0x080040c6   0x00000002   PAD
    0x080040c8   0x000006dc   Code   RO          570    i._printf_core      mc_w.l(printfa.o)
    0x080047a4   0x00000024   Code   RO          571    i._printf_post_padding  mc_w.l(printfa.o)
    0x080047c8   0x0000002e   Code   RO          572    i._printf_pre_padding  mc_w.l(printfa.o)
    0x080047f6   0x0000000a   Code   RO          574    i._sputc            mc_w.l(printfa.o)
    0x08004800   0x0000002a   Code   RO          315    i.atof              m_ws.l(atof.o)
    0x0800482a   0x00001e10   Data   RO          116    .constdata          oled.o
    0x0800663a   0x000000f6   Data   RO          155    .constdata          algorithm.o
    0x08006730   0x00000040   Data   RO          669    .constdata          mc_w.l(ctype_c.o)
    0x08006770   0x00000020   Data   RO          673    Region$$Table       anon$$obj.o


    Execution Region RW_IRAM1 (Base: 0x20000000, Size: 0x00003278, Max: 0x00005000, ABSOLUTE)

    Base Addr    Size         Type   Attr      Idx    E Section Name        Object

    0x20000000   0x00000014   Data   RW            3    .data               main.o
    0x20000014   0x00000014   Data   RW           97    .data               system_stm32f10x.o
    0x20000028   0x00000035   Data   RW          171    .data               max30102.o
    0x2000005d   0x00000014   Data   RW          240    .data               stm32f10x_rcc.o
    0x20000071   0x00000001   PAD
    0x20000072   0x00000004   Data   RW          266    .data               delay.o
    0x20000076   0x00000002   PAD
    0x20000078   0x0000000a   Data   RW          293    .data               usart.o
    0x20000082   0x00000002   PAD
    0x20000084   0x00000004   Data   RW          631    .data               mc_w.l(errno.o)
    0x20000088   0x000000c8   Zero   RW            2    .bss                main.o
    0x20000150   0x00000480   Zero   RW          115    .bss                oled.o
    0x200005d0   0x00001760   Zero   RW          154    .bss                algorithm.o
    0x20001d30   0x00001004   Zero   RW          170    .bss                max30102.o
    0x20002d34   0x00000141   Zero   RW          292    .bss                usart.o
    0x20002e75   0x00000003   PAD
    0x20002e78   0x00000400   Zero   RW          208    STACK               startup_stm32f10x_md.o


==============================================================================

Image component sizes


      Code (inc. data)   RO Data    RW Data    ZI Data      Debug   Object Name

      1700         30        246          0       5984       5651   algorithm.o
         0          0          0          0          0         32   core_cm3.o
       212         18          0          4          0       1011   delay.o
       984        190          0         20        200     232287   main.o
      1912        168          0         53       4100       5640   max30102.o
       220         22          0          0          0       1757   misc.o
       900         14          0          0          0       3578   myiic.o
      2492         52       7696          0       1152     212511   oled.o
        36          8        236          0       1024        776   startup_stm32f10x_md.o
       860         38          0          0          0       5693   stm32f10x_gpio.o
        24          0          0          0          0       1082   stm32f10x_it.o
       932         36          0         20          0       8860   stm32f10x_rcc.o
      1032         22          0          0          0       8416   stm32f10x_usart.o
        12          0          0          0          0        441   sys.o
       480         38          0         20          0       1707   system_stm32f10x.o
       712         26          0         10        321       6027   usart.o

    ----------------------------------------------------------------------
     12508        662       8210        132      12784     495469   Object Totals
         0          0         32          0          0          0   (incl. Generated)
         0          0          0          5          3          0   (incl. Padding)

    ----------------------------------------------------------------------

      Code (inc. data)   RO Data    RW Data    ZI Data      Debug   Library Member Name

        42          0          0          0          0         84   atof.o
        64          0          0          0          0         84   _sgetc.o
        40          6         64          0          0         68   ctype_c.o
         0          0          0          0          0          0   entry.o
         0          0          0          0          0          0   entry10a.o
         0          0          0          0          0          0   entry11a.o
         8          4          0          0          0          0   entry2.o
         4          0          0          0          0          0   entry5.o
         0          0          0          0          0          0   entry7b.o
         0          0          0          0          0          0   entry8b.o
         8          4          0          0          0          0   entry9a.o
        24         12          0          4          0        136   errno.o
        30          0          0          0          0          0   handlers.o
        36          8          0          0          0         68   init.o
        10          0          0          0          0         68   isspace_c.o
         0          0          0          0          0          0   iusefp.o
        30          0          0          0          0         68   llshl.o
        36          0          0          0          0         68   llsshr.o
        32          0          0          0          0         68   llushr.o
        36          0          0          0          0         68   memcpya.o
        36          0          0          0          0        108   memseta.o
      2276         96          0          0          0        596   printfa.o
       838         12          0          0          0        216   scanf_fp.o
        36          0          0          0          0         80   strstr.o
       156         14          0          0          0        120   strtod.o
        44          0          0          0          0         80   uidiv.o
        98          0          0          0          0         92   uldiv.o
        48          0          0          0          0         68   cdrcmple.o
        20          0          0          0          0         68   cfcmple.o
        20          0          0          0          0         68   cfrcmple.o
        56          0          0          0          0         88   d2f.o
       334          0          0          0          0        148   dadd.o
       222          0          0          0          0        100   ddiv.o
       186          0          0          0          0        176   depilogue.o
        48          0          0          0          0         68   dfixul.o
        24          0          0          0          0         76   dfltul.o
       228          0          0          0          0         96   dmul.o
        38          0          0          0          0         68   f2d.o
       176          0          0          0          0        140   fadd.o
       124          0          0          0          0         88   fdiv.o
       110          0          0          0          0        168   fepilogue.o
        50          0          0          0          0         68   ffixi.o
        40          0          0          0          0         68   ffixui.o
        10          0          0          0          0         68   ffltui.o
       100          0          0          0          0         76   fmul.o

    ----------------------------------------------------------------------
      5730        156         64          4          0       3772   Library Totals
        12          0          0          0          0          0   (incl. Padding)

    ----------------------------------------------------------------------

      Code (inc. data)   RO Data    RW Data    ZI Data      Debug   Library Name

        42          0          0          0          0         84   m_ws.l
      3842        156         64          4          0       1988   mc_w.l
      1834          0          0          0          0       1700   mf_w.l

    ----------------------------------------------------------------------
      5730        156         64          4          0       3772   Library Totals

    ----------------------------------------------------------------------

==============================================================================


      Code (inc. data)   RO Data    RW Data    ZI Data      Debug   

     18238        818       8274        136      12784     496325   Grand Totals
     18238        818       8274        136      12784     496325   ELF Image Totals
     18238        818       8274        136          0          0   ROM Totals

==============================================================================

    Total RO  Size (Code + RO Data)                26512 (  25.89kB)
    Total RW  Size (RW Data + ZI Data)             12920 (  12.62kB)
    Total ROM Size (Code + RO Data + RW Data)      26648 (  26.02kB)

==============================================================================

